BL51 BANKED LINKER/LOCATER V6.22.2.0                                                    02/18/2021  10:10:08  PAGE 1


BL51 BANKED LINKER/LOCATER V6.22.2.0, INVOKED BY:
D:\KEIL_V5\C51\BIN\BL51.EXE .\Obj\main.obj, .\Obj\User_ADC.obj, .\Obj\User_I2C.obj, .\Obj\User_Key.obj, .\Obj\User_OLED.
>> obj, .\Obj\User_SHT30.obj, .\Obj\User_Uart.obj, .\Obj\User_Timer.obj, .\Obj\codetab.obj, .\Obj\mcu_api.obj, .\Obj\pro
>> tocol.obj, .\Obj\system.obj TO .\Obj\智能温湿度计 PRINT (.\List\智能温湿度计.m51) RAMSIZE (256)


MEMORY MODEL: LARGE WITH FLOATING POINT ARITHMETIC


INPUT MODULES INCLUDED:
  .\Obj\main.obj (MAIN)
  .\Obj\User_ADC.obj (USER_ADC)
  .\Obj\User_I2C.obj (USER_I2C)
  .\Obj\User_Key.obj (USER_KEY)
  .\Obj\User_OLED.obj (USER_OLED)
  .\Obj\User_SHT30.obj (USER_SHT30)
  .\Obj\User_Uart.obj (USER_UART)
  .\Obj\User_Timer.obj (USER_TIMER)
  .\Obj\codetab.obj (CODETAB)
  .\Obj\mcu_api.obj (MCU_API)
  .\Obj\protocol.obj (PROTOCOL)
  .\Obj\system.obj (SYSTEM)
  D:\KEIL_V5\C51\LIB\C51FPL.LIB (?C?FPADD)
  D:\KEIL_V5\C51\LIB\C51FPL.LIB (?C?FPMUL)
  D:\KEIL_V5\C51\LIB\C51FPL.LIB (?C?FPDIV)
  D:\KEIL_V5\C51\LIB\C51FPL.LIB (?C?FCAST)
  D:\KEIL_V5\C51\LIB\C51FPL.LIB (?C?CASTF)
  D:\KEIL_V5\C51\LIB\C51FPL.LIB (EXP)
  D:\KEIL_V5\C51\LIB\C51FPL.LIB (?C?FPGETOPN)
  D:\KEIL_V5\C51\LIB\C51FPL.LIB (?C?FPSERIES)
  D:\KEIL_V5\C51\LIB\C51L.LIB (?C_STARTUP)
  D:\KEIL_V5\C51\LIB\C51L.LIB (?C?COPY)
  D:\KEIL_V5\C51\LIB\C51L.LIB (?C?CLDPTR)
  D:\KEIL_V5\C51\LIB\C51L.LIB (?C?CLDOPTR)
  D:\KEIL_V5\C51\LIB\C51L.LIB (?C?CSTPTR)
  D:\KEIL_V5\C51\LIB\C51L.LIB (?C?CSTOPTR)
  D:\KEIL_V5\C51\LIB\C51L.LIB (?C?SIDIV)
  D:\KEIL_V5\C51\LIB\C51L.LIB (?C?IILDX)
  D:\KEIL_V5\C51\LIB\C51L.LIB (?C?ILDIX)
  D:\KEIL_V5\C51\LIB\C51L.LIB (?C?LMUL)
  D:\KEIL_V5\C51\LIB\C51L.LIB (?C?ULDIV)
  D:\KEIL_V5\C51\LIB\C51L.LIB (?C?LNOT)
  D:\KEIL_V5\C51\LIB\C51L.LIB (?C?LNEG)
  D:\KEIL_V5\C51\LIB\C51L.LIB (?C?ULCMP)
  D:\KEIL_V5\C51\LIB\C51L.LIB (?C?ULSHR)
  D:\KEIL_V5\C51\LIB\C51L.LIB (?C?SLSHR)
  D:\KEIL_V5\C51\LIB\C51L.LIB (?C?LSHL)
  D:\KEIL_V5\C51\LIB\C51L.LIB (?C?LLDCODE)
  D:\KEIL_V5\C51\LIB\C51L.LIB (?C?LLDCODE0)
  D:\KEIL_V5\C51\LIB\C51L.LIB (?C?LSTXDATA)
  D:\KEIL_V5\C51\LIB\C51L.LIB (?C?LSTKXDATA)
  D:\KEIL_V5\C51\LIB\C51L.LIB (?C_INIT)
  D:\KEIL_V5\C51\LIB\C51L.LIB (?C?UIDIV)


LINK MAP OF MODULE:  .\Obj\智能温湿度计 (MAIN)


BL51 BANKED LINKER/LOCATER V6.22.2.0                                                  02/18/2021  10:10:08  PAGE 2


            TYPE    BASE      LENGTH    RELOCATION   SEGMENT NAME
            -----------------------------------------------------

            * * * * * * *   D A T A   M E M O R Y   * * * * * * *
            REG     0000H     0008H     ABSOLUTE     "REG BANK 0"
                    0008H     0018H                  *** GAP ***
            BIT     0020H.0   0000H.1   UNIT         ?BI?USER_I2C
            BIT     0020H.1   0000H.1   UNIT         ?BI?USER_KEY
            BIT     0020H.2   0000H.1   UNIT         ?BI?USER_UART
                    0020H.3   0000H.5                *** GAP ***
            IDATA   0021H     0001H     UNIT         ?STACK

            * * * * * * *  X D A T A   M E M O R Y  * * * * * * *
            XDATA   0000H     0078H     UNIT         ?XD?SYSTEM
            XDATA   0078H     0031H     UNIT         _XDATA_GROUP_
            XDATA   00A9H     000CH     UNIT         ?XD?PROTOCOL
            XDATA   00B5H     000BH     UNIT         ?XD?MAIN
            XDATA   00C0H     000BH     UNIT         ?XD?USER_KEY
            XDATA   00CBH     0009H     UNIT         ?XD?_MY_MEMSET?MCU_API
            XDATA   00D4H     0009H     UNIT         ?XD?_MY_STRCPY?MCU_API
            XDATA   00DDH     0008H     UNIT         ?XD?USER_TIMER
            XDATA   00E5H     0007H     UNIT         ?XD?_MCU_DP_FAULT_UPDATE?MCU_API
            XDATA   00ECH     0006H     UNIT         ?XD?_MY_STRCMP?MCU_API
            XDATA   00F2H     0006H     UNIT         ?XD?_MCU_DP_RAW_UPDATE?MCU_API
            XDATA   00F8H     0006H     UNIT         ?XD?_MCU_DP_STRING_UPDATE?MCU_API
            XDATA   00FEH     0005H     UNIT         ?XD?_UART_RECEIVE_BUFF_INPUT?MCU_API
            XDATA   0103H     0004H     UNIT         ?XD?_INT_TO_BYTE?MCU_API
            XDATA   0107H     0002H     UNIT         ?XD?_MCU_GET_DP_DOWNLOAD_BOOL?MCU_API
            XDATA   0109H     0002H     UNIT         ?XD?_MCU_GET_DP_DOWNLOAD_ENUM?MCU_API
            XDATA   010BH     0002H     UNIT         ?XD?MCU_API
            XDATA   010DH     0001H     UNIT         ?XD?_MCU_DP_BOOL_UPDATE?MCU_API

            * * * * * * *   C O D E   M E M O R Y   * * * * * * *
            CODE    0000H     0003H     ABSOLUTE     
            CODE    0003H     0008H     UNIT         ?PR?_UART_PUTCHAR?USER_UART
            CODE    000BH     0003H     ABSOLUTE     
            CODE    000EH     007DH     UNIT         ?PR?_DATA_POINT_HANDLE?SYSTEM
            CODE    008BH     0003H     ABSOLUTE     
            CODE    008EH     0035H     UNIT         ?PR?_UART_RECEIVE_BUFF_INPUT?MCU_API
            CODE    00C3H     0003H     ABSOLUTE     
            CODE    00C6H     C9B8H     UNIT         ?CO?CODETAB
            CODE    CA7EH     07B1H     UNIT         ?C?LIB_CODE
            CODE    D22FH     0265H     UNIT         ?PR?SHT30_READ?USER_SHT30
            CODE    D494H     01F5H     UNIT         ?PR?GET_VOLTAGE?USER_ADC
            CODE    D689H     01C8H     UNIT         ?PR?WIFI_UART_SERVICE?MCU_API
            CODE    D851H     0139H     UNIT         ?PR?_DATA_HANDLE?SYSTEM
            CODE    D98AH     011CH     UNIT         ?PR?_OLED_SHOWNUM?USER_OLED
            CODE    DAA6H     011CH     UNIT         ?PR?_MCU_DP_FAULT_UPDATE?MCU_API
            CODE    DBC2H     010FH     UNIT         ?PR?_MY_MEMCPY?MCU_API
            CODE    DCD1H     00FBH     UNIT         ?PR?PRODUCT_INFO_UPDATE?SYSTEM
            CODE    DDCCH     00EDH     UNIT         ?PR?OLED_INIT?USER_OLED
            CODE    DEB9H     00E8H     UNIT         ?PR?KEY_SCAN?USER_KEY
            CODE    DFA1H     00E5H     UNIT         ?PR?MCU_API
            CODE    E086H     00C1H     UNIT         ?PR?_OLED_SHOWCHAR?USER_OLED
            CODE    E147H     00B3H     UNIT         ?PR?TIMER0_ISR_HANDLE?USER_TIMER
            CODE    E1FAH     009AH     UNIT         ?PR?EXP?EXP
            CODE    E294H     0090H     UNIT         ?PR?BOOT_ANIMATION?MAIN
BL51 BANKED LINKER/LOCATER V6.22.2.0                                                  02/18/2021  10:10:08  PAGE 3


            CODE    E324H     008EH     UNIT         ?PR?USER_OLED
            CODE    E3B2H     008DH     UNIT         ?PR?_OLED_DRAWBMP?USER_OLED
            CODE    E43FH     008CH     UNIT         ?C_C51STARTUP
            CODE    E4CBH     008BH     UNIT         ?PR?WIFI_WORK_STATE_LED?MAIN
            CODE    E556H     0086H     UNIT         ?PR?_BYTE_TO_INT?MCU_API
            CODE    E5DCH     007EH     UNIT         ?PR?_UART_RECEIVE_INPUT?MCU_API
            CODE    E65AH     007BH     UNIT         ?PR?_MCU_DP_VALUE_UPDATE?MCU_API
            CODE    E6D5H     0076H     UNIT         ?PR?_OLED_SHOWSTR?USER_OLED
            CODE    E74BH     0076H     UNIT         ?PR?_OLED_SHOWCHINESE?USER_OLED
            CODE    E7C1H     0071H     UNIT         ?PR?_HEX_TO_BCD?MCU_API
            CODE    E832H     006CH     UNIT         ?PR?_OLED_OLED_WR_BYTE_CON?USER_OLED
            CODE    E89EH     0069H     UNIT         ?PR?_WIFI_UART_WRITE_FRAME?SYSTEM
            CODE    E907H     0068H     UNIT         ?PR?_SHT_CRC?USER_SHT30
            CODE    E96FH     005FH     UNIT         ?PR?OLED_CLEAR?USER_OLED
            CODE    E9CEH     005AH     UNIT         ?PR?_MY_STRCMP?MCU_API
            CODE    EA28H     0056H     UNIT         ?PR?_GET_KEY_PRESS_TIME?USER_KEY
            CODE    EA7EH     0055H     UNIT         ?PR?_MY_STRLEN?MCU_API
            CODE    EAD3H     0053H     UNIT         ?PR?UART3ISR?USER_UART
            CODE    EB26H     0052H     UNIT         ?PR?ALL_DATA_UPDATE?PROTOCOL
            CODE    EB78H     0051H     UNIT         ?PR?_MY_STRCPY?MCU_API
            CODE    EBC9H     004FH     UNIT         ?PR?_SET_WIFI_UART_BUFFER?SYSTEM
            CODE    EC18H     004EH     UNIT         ?PR?TAKE_BYTE_RXBUFF?SYSTEM
            CODE    EC66H     0048H     UNIT         ?PR?_INT_TO_BYTE?MCU_API
            CODE    ECAEH     0047H     UNIT         ?PR?WELCOME?MAIN
            CODE    ECF5H     0046H     UNIT         ?PR?_OLED_POW?USER_OLED
            CODE    ED3BH     0041H     UNIT         ?PR?_WIFI_UART_WRITE_DATA?SYSTEM
            CODE    ED7CH     003EH     UNIT         ?PR?USER_KEY
            CODE    EDBAH     003EH     UNIT         ?PR?PROTOCOL
            CODE    EDF8H     003BH     UNIT         ?CO?SYSTEM
            CODE    EE33H     003AH     UNIT         ?PR?_MCU_DP_RAW_UPDATE?MCU_API
            CODE    EE6DH     003AH     UNIT         ?PR?_MCU_DP_STRING_UPDATE?MCU_API
            CODE    EEA7H     0039H     UNIT         ?PR?_MY_MEMSET?MCU_API
            CODE    EEE0H     0039H     UNIT         ?PR?_MCU_DP_BOOL_UPDATE?MCU_API
            CODE    EF19H     0038H     UNIT         ?PR?USER_SHT30
            CODE    EF51H     0038H     UNIT         ?PR?_GET_CHECK_SUM?SYSTEM
            CODE    EF89H     0034H     UNIT         ?PR?_OLED_SETPOS?USER_OLED
            CODE    EFBDH     0033H     UNIT         ?PR?_MCU_DP_ENUM_UPDATE?MCU_API
            CODE    EFF0H     0033H     UNIT         ?PR?SYSTEM
            CODE    F023H     0032H     UNIT         ?PR?USER_TIMER
            CODE    F055H     002FH     UNIT         ?PR?_GET_DOWMLOAD_DPID_INDEX?SYSTEM
            CODE    F084H     002DH     UNIT         ?PR?MAIN?MAIN
            CODE    F0B1H     002DH     UNIT         ?PR?WITH_DATA_RXBUFF?SYSTEM
            CODE    F0DEH     002CH     UNIT         ?PR?I2C_ISR?USER_I2C
            CODE    F10AH     002CH     UNIT         ?PR?_DP_DOWNLOAD_HANDLE?PROTOCOL
            CODE    F136H     002BH     UNIT         ?C_INITSEG
            CODE    F161H     002AH     UNIT         ?PR?KEY_INIT?USER_KEY
            CODE    F18BH     0028H     UNIT         ?PR?_DP_DOWNLOAD_TEMP_SAMPLING_HANDLE?PROTOCOL
            CODE    F1B3H     0028H     UNIT         ?PR?_DP_DOWNLOAD_HUMIDITY_SAMPLING_HANDLE?PROTOCOL
            CODE    F1DBH     0027H     UNIT         ?PR?HEAT_BEAT_CHECK?SYSTEM
            CODE    F202H     0026H     UNIT         ?PR?TIMER0_INIT?USER_TIMER
            CODE    F228H     0022H     UNIT         ?PR?_OLED_WR_BYTE?USER_OLED
            CODE    F24AH     0021H     UNIT         ?CO?USER_KEY
            CODE    F26BH     0021H     UNIT         ?PR?_SET_WIFI_UART_BYTE?SYSTEM
            CODE    F28CH     001FH     UNIT         ?PR?SHT_INIT?USER_SHT30
            CODE    F2ABH     001EH     UNIT         ?PR?KEY1_LONGPRESS_HANDLE?USER_KEY
            CODE    F2C9H     001CH     UNIT         ?PR?SENDACK?USER_I2C
            CODE    F2E5H     001BH     UNIT         ?CO?MAIN
BL51 BANKED LINKER/LOCATER V6.22.2.0                                                  02/18/2021  10:10:08  PAGE 4


            CODE    F300H     001AH     UNIT         ?PR?KEY1_SHORTPRESS_HANDLE?USER_KEY
            CODE    F31AH     0018H     UNIT         ?PR?BSP_INIT?MAIN
            CODE    F332H     0017H     UNIT         ?PR?MAIN
            CODE    F349H     0017H     UNIT         ?PR?_MCU_SET_WIFI_MODE?MCU_API
            CODE    F360H     0016H     UNIT         ?PR?ADC_READ?USER_ADC
            CODE    F376H     0016H     UNIT         ?PR?UART3_INIT?USER_UART
            CODE    F38CH     0015H     UNIT         ?PR?WIFI_PROTOCOL_INIT?MCU_API
            CODE    F3A1H     0012H     UNIT         ?PR?I2C_INIT?USER_I2C
            CODE    F3B3H     0011H     UNIT         ?PR?_SENDDATA?USER_I2C
            CODE    F3C4H     0011H     UNIT         ?PR?RECVDATA?USER_I2C
            CODE    F3D5H     000EH     UNIT         ?PR?DELAY100MS?MAIN
            CODE    F3E3H     000EH     UNIT         ?PR?MCU_RESET_WIFI?MCU_API
            CODE    F3F1H     000DH     UNIT         ?PR?ADC_INIT?USER_ADC
            CODE    F3FEH     000DH     UNIT         ?PR?USER_I2C
            CODE    F40BH     000CH     UNIT         ?PR?START?USER_I2C
            CODE    F417H     000CH     UNIT         ?PR?STOP?USER_I2C
            CODE    F423H     000BH     UNIT         ?PR?_WRITECMD?USER_I2C
            CODE    F42EH     000BH     UNIT         ?PR?_WRITEDAT?USER_I2C
            CODE    F439H     000BH     UNIT         ?PR?_MCU_GET_DP_DOWNLOAD_VALUE?MCU_API
            CODE    F444H     000AH     UNIT         ?PR?USER_ADC
            CODE    F44EH     000AH     UNIT         ?PR?GET_MCU_WIFI_MODE?SYSTEM
            CODE    F458H     0007H     UNIT         ?PR?_MCU_GET_DP_DOWNLOAD_BOOL?MCU_API
            CODE    F45FH     0007H     UNIT         ?PR?_MCU_GET_DP_DOWNLOAD_ENUM?MCU_API
            CODE    F466H     0006H     UNIT         ?PR?READ_SENSOR?MAIN
            CODE    F46CH     0006H     UNIT         ?CO?USER_SHT30
            CODE    F472H     0006H     UNIT         ?PR?MCU_GET_RESET_WIFI_FLAG?MCU_API
            CODE    F478H     0006H     UNIT         ?PR?MCU_GET_WIFIMODE_FLAG?MCU_API
            CODE    F47EH     0006H     UNIT         ?PR?MCU_GET_WIFI_WORK_STATE?MCU_API
            CODE    F484H     0005H     UNIT         ?PR?GET_COUNT_VALUE?USER_TIMER
            CODE    F489H     0003H     UNIT         ?PR?_UART_TRANSMIT_OUTPUT?PROTOCOL
            CODE    F48CH     0003H     UNIT         ?PR?GET_DOWNLOAD_CMD_TOTAL?PROTOCOL



OVERLAY MAP OF MODULE:   .\Obj\智能温湿度计 (MAIN)


SEGMENT                                            XDATA_GROUP
  +--> CALLED SEGMENT                            START    LENGTH
----------------------------------------------------------------
?PR?UART3ISR?USER_UART                           -----    -----
  +--> ?PR?_UART_RECEIVE_INPUT?MCU_API

?PR?_UART_RECEIVE_INPUT?MCU_API                  0078H    0001H
  +--> ?PR?MCU_API

*** NEW ROOT ***************************************************

?PR?TIMER0_ISR_HANDLE?USER_TIMER                 -----    -----
  +--> ?PR?USER_TIMER

*** NEW ROOT ***************************************************

?C_C51STARTUP                                    -----    -----
  +--> ?PR?MAIN?MAIN
  +--> ?C_INITSEG

BL51 BANKED LINKER/LOCATER V6.22.2.0                                                  02/18/2021  10:10:08  PAGE 5


?PR?MAIN?MAIN                                    -----    -----
  +--> ?PR?BSP_INIT?MAIN
  +--> ?PR?BOOT_ANIMATION?MAIN
  +--> ?PR?OLED_CLEAR?USER_OLED
  +--> ?PR?DELAY100MS?MAIN
  +--> ?PR?WELCOME?MAIN
  +--> ?PR?READ_SENSOR?MAIN
  +--> ?PR?WIFI_UART_SERVICE?MCU_API
  +--> ?PR?KEY_SCAN?USER_KEY
  +--> ?PR?WIFI_WORK_STATE_LED?MAIN

?PR?BSP_INIT?MAIN                                -----    -----
  +--> ?PR?UART3_INIT?USER_UART
  +--> ?PR?WIFI_PROTOCOL_INIT?MCU_API
  +--> ?PR?I2C_INIT?USER_I2C
  +--> ?PR?OLED_INIT?USER_OLED
  +--> ?PR?OLED_CLEAR?USER_OLED
  +--> ?PR?SHT_INIT?USER_SHT30
  +--> ?PR?TIMER0_INIT?USER_TIMER
  +--> ?PR?KEY_INIT?USER_KEY

?PR?WIFI_PROTOCOL_INIT?MCU_API                   -----    -----
  +--> ?PR?MCU_API

?PR?OLED_INIT?USER_OLED                          -----    -----
  +--> ?PR?_OLED_WR_BYTE?USER_OLED

?PR?_OLED_WR_BYTE?USER_OLED                      009EH    0002H
  +--> ?PR?_WRITECMD?USER_I2C
  +--> ?PR?_WRITEDAT?USER_I2C

?PR?_WRITECMD?USER_I2C                           -----    -----
  +--> ?PR?USER_I2C
  +--> ?PR?SENDACK?USER_I2C
  +--> ?PR?STOP?USER_I2C

?PR?USER_I2C                                     -----    -----
  +--> ?PR?START?USER_I2C
  +--> ?PR?_SENDDATA?USER_I2C
  +--> ?PR?SENDACK?USER_I2C

?PR?SENDACK?USER_I2C                             -----    -----
  +--> ?PR?_SENDDATA?USER_I2C

?PR?_WRITEDAT?USER_I2C                           -----    -----
  +--> ?PR?USER_I2C
  +--> ?PR?SENDACK?USER_I2C
  +--> ?PR?STOP?USER_I2C

?PR?OLED_CLEAR?USER_OLED                         0079H    0002H
  +--> ?PR?USER_OLED
  +--> ?PR?_OLED_WR_BYTE?USER_OLED

?PR?SHT_INIT?USER_SHT30                          -----    -----
  +--> ?PR?START?USER_I2C
  +--> ?PR?_SENDDATA?USER_I2C
  +--> ?PR?SENDACK?USER_I2C
BL51 BANKED LINKER/LOCATER V6.22.2.0                                                  02/18/2021  10:10:08  PAGE 6


  +--> ?PR?STOP?USER_I2C

?PR?KEY_INIT?USER_KEY                            -----    -----
  +--> ?PR?KEY1_LONGPRESS_HANDLE?USER_KEY
  +--> ?PR?KEY1_SHORTPRESS_HANDLE?USER_KEY

?PR?KEY1_LONGPRESS_HANDLE?USER_KEY               -----    -----
  +--> ?PR?MCU_RESET_WIFI?MCU_API
  +--> ?PR?MCU_GET_WIFI_WORK_STATE?MCU_API
  +--> ?CO?USER_KEY
  +--> ?PR?USER_KEY
  +--> ?PR?_OLED_SHOWSTR?USER_OLED

?PR?MCU_RESET_WIFI?MCU_API                       -----    -----
  +--> ?PR?_WIFI_UART_WRITE_FRAME?SYSTEM

?PR?_WIFI_UART_WRITE_FRAME?SYSTEM                009EH    0002H
  +--> ?PR?_GET_CHECK_SUM?SYSTEM
  +--> ?PR?_WIFI_UART_WRITE_DATA?SYSTEM

?PR?_GET_CHECK_SUM?SYSTEM                        00A0H    0006H
  +--> ?PR?SYSTEM

?PR?_WIFI_UART_WRITE_DATA?SYSTEM                 00A0H    0005H
  +--> ?PR?SYSTEM
  +--> ?PR?_UART_TRANSMIT_OUTPUT?PROTOCOL

?PR?_UART_TRANSMIT_OUTPUT?PROTOCOL               -----    -----
  +--> ?PR?_UART_PUTCHAR?USER_UART

?PR?_OLED_SHOWSTR?USER_OLED                      008DH    0007H
  +--> ?PR?USER_OLED
  +--> ?PR?_OLED_SHOWCHAR?USER_OLED

?PR?_OLED_SHOWCHAR?USER_OLED                     0097H    0006H
  +--> ?PR?USER_OLED
  +--> ?CO?CODETAB
  +--> ?PR?_OLED_SETPOS?USER_OLED
  +--> ?PR?_OLED_WR_BYTE?USER_OLED

?PR?_OLED_SETPOS?USER_OLED                       009DH    0001H
  +--> ?PR?_OLED_WR_BYTE?USER_OLED

?PR?KEY1_SHORTPRESS_HANDLE?USER_KEY              -----    -----
  +--> ?CO?USER_KEY
  +--> ?PR?USER_KEY
  +--> ?PR?_OLED_SHOWSTR?USER_OLED
  +--> ?PR?GET_VOLTAGE?USER_ADC
  +--> ?PR?SHT30_READ?USER_SHT30

?PR?GET_VOLTAGE?USER_ADC                         007DH    0004H
  +--> ?PR?ADC_INIT?USER_ADC
  +--> ?PR?ADC_READ?USER_ADC
  +--> ?PR?USER_ADC
  +--> ?PR?_OLED_SHOWNUM?USER_OLED
  +--> ?PR?_OLED_SHOWCHAR?USER_OLED
  +--> ?PR?_MCU_DP_ENUM_UPDATE?MCU_API
BL51 BANKED LINKER/LOCATER V6.22.2.0                                                  02/18/2021  10:10:08  PAGE 7


  +--> ?PR?_MCU_DP_VALUE_UPDATE?MCU_API

?PR?_OLED_SHOWNUM?USER_OLED                      008DH    000AH
  +--> ?PR?USER_OLED
  +--> ?PR?_OLED_SHOWCHAR?USER_OLED
  +--> ?PR?_OLED_POW?USER_OLED

?PR?_OLED_POW?USER_OLED                          0097H    0006H
  +--> ?PR?USER_OLED

?PR?_MCU_DP_ENUM_UPDATE?MCU_API                  0087H    0001H
  +--> ?PR?MCU_API
  +--> ?PR?_SET_WIFI_UART_BYTE?SYSTEM
  +--> ?PR?_WIFI_UART_WRITE_FRAME?SYSTEM

?PR?_SET_WIFI_UART_BYTE?SYSTEM                   009EH    0002H
  +--> ?PR?SYSTEM

?PR?_MCU_DP_VALUE_UPDATE?MCU_API                 0099H    0005H
  +--> ?PR?MCU_API
  +--> ?PR?_SET_WIFI_UART_BYTE?SYSTEM
  +--> ?PR?_WIFI_UART_WRITE_FRAME?SYSTEM

?PR?SHT30_READ?USER_SHT30                        007DH    0010H
  +--> ?PR?START?USER_I2C
  +--> ?PR?_SENDDATA?USER_I2C
  +--> ?PR?SENDACK?USER_I2C
  +--> ?PR?RECVDATA?USER_I2C
  +--> ?PR?STOP?USER_I2C
  +--> ?PR?_SHT_CRC?USER_SHT30
  +--> ?PR?USER_SHT30
  +--> ?PR?EXP?EXP
  +--> ?PR?_MCU_DP_VALUE_UPDATE?MCU_API
  +--> ?PR?_OLED_SHOWNUM?USER_OLED
  +--> ?PR?_OLED_SHOWCHAR?USER_OLED
  +--> ?CO?USER_SHT30
  +--> ?PR?_OLED_SHOWSTR?USER_OLED

?PR?_SHT_CRC?USER_SHT30                          008DH    0005H

?PR?BOOT_ANIMATION?MAIN                          0079H    0004H
  +--> ?PR?_OLED_SETPOS?USER_OLED
  +--> ?CO?CODETAB
  +--> ?PR?_OLED_OLED_WR_BYTE_CON?USER_OLED
  +--> ?PR?DELAY100MS?MAIN

?PR?_OLED_OLED_WR_BYTE_CON?USER_OLED             007DH    0007H
  +--> ?PR?START?USER_I2C
  +--> ?PR?USER_OLED
  +--> ?PR?_SENDDATA?USER_I2C
  +--> ?PR?SENDACK?USER_I2C
  +--> ?PR?STOP?USER_I2C

?PR?WELCOME?MAIN                                 -----    -----
  +--> ?PR?_OLED_SHOWCHINESE?USER_OLED

?PR?_OLED_SHOWCHINESE?USER_OLED                  0079H    0005H
BL51 BANKED LINKER/LOCATER V6.22.2.0                                                  02/18/2021  10:10:08  PAGE 8


  +--> ?PR?_OLED_SETPOS?USER_OLED
  +--> ?PR?USER_OLED
  +--> ?CO?CODETAB
  +--> ?PR?_OLED_WR_BYTE?USER_OLED

?PR?READ_SENSOR?MAIN                             -----    -----
  +--> ?PR?GET_VOLTAGE?USER_ADC
  +--> ?PR?SHT30_READ?USER_SHT30

?PR?WIFI_UART_SERVICE?MCU_API                    0079H    0004H
  +--> ?PR?WITH_DATA_RXBUFF?SYSTEM
  +--> ?PR?TAKE_BYTE_RXBUFF?SYSTEM
  +--> ?PR?MCU_API
  +--> ?PR?_GET_CHECK_SUM?SYSTEM
  +--> ?PR?_DATA_HANDLE?SYSTEM
  +--> ?PR?_MY_MEMCPY?MCU_API

?PR?WITH_DATA_RXBUFF?SYSTEM                      -----    -----
  +--> ?PR?SYSTEM

?PR?TAKE_BYTE_RXBUFF?SYSTEM                      -----    -----
  +--> ?PR?SYSTEM

?PR?_DATA_HANDLE?SYSTEM                          007DH    000AH
  +--> ?PR?HEAT_BEAT_CHECK?SYSTEM
  +--> ?PR?PRODUCT_INFO_UPDATE?SYSTEM
  +--> ?PR?GET_MCU_WIFI_MODE?SYSTEM
  +--> ?PR?_WIFI_UART_WRITE_FRAME?SYSTEM
  +--> ?PR?_DATA_POINT_HANDLE?SYSTEM
  +--> ?PR?ALL_DATA_UPDATE?PROTOCOL

?PR?HEAT_BEAT_CHECK?SYSTEM                       -----    -----
  +--> ?PR?_SET_WIFI_UART_BYTE?SYSTEM
  +--> ?PR?_WIFI_UART_WRITE_FRAME?SYSTEM

?PR?PRODUCT_INFO_UPDATE?SYSTEM                   0087H    000BH
  +--> ?CO?SYSTEM
  +--> ?PR?_MY_STRLEN?MCU_API
  +--> ?PR?_SET_WIFI_UART_BUFFER?SYSTEM
  +--> ?PR?_WIFI_UART_WRITE_FRAME?SYSTEM

?PR?_MY_STRLEN?MCU_API                           0092H    0007H
  +--> ?PR?MCU_API

?PR?_SET_WIFI_UART_BUFFER?SYSTEM                 0092H    0007H
  +--> ?PR?SYSTEM
  +--> ?PR?_MY_MEMCPY?MCU_API

?PR?_MY_MEMCPY?MCU_API                           0099H    0010H
  +--> ?PR?MCU_API

?PR?GET_MCU_WIFI_MODE?SYSTEM                     -----    -----
  +--> ?PR?_WIFI_UART_WRITE_FRAME?SYSTEM

?PR?_DATA_POINT_HANDLE?SYSTEM                    0087H    0007H
  +--> ?PR?SYSTEM
  +--> ?PR?_GET_DOWMLOAD_DPID_INDEX?SYSTEM
BL51 BANKED LINKER/LOCATER V6.22.2.0                                                  02/18/2021  10:10:08  PAGE 9


  +--> ?PR?_DP_DOWNLOAD_HANDLE?PROTOCOL

?PR?_GET_DOWMLOAD_DPID_INDEX?SYSTEM              008EH    0001H
  +--> ?PR?GET_DOWNLOAD_CMD_TOTAL?PROTOCOL

?PR?_DP_DOWNLOAD_HANDLE?PROTOCOL                 008EH    0007H
  +--> ?PR?PROTOCOL
  +--> ?PR?_DP_DOWNLOAD_TEMP_SAMPLING_HANDLE...
  +--> ?PR?_DP_DOWNLOAD_HUMIDITY_SAMPLING_HA...

?PR?_DP_DOWNLOAD_TEMP_SAMPLING_HANDLE...         0095H    0004H
  +--> ?PR?_MCU_GET_DP_DOWNLOAD_VALUE?MCU_API
  +--> ?PR?PROTOCOL
  +--> ?PR?_MCU_DP_VALUE_UPDATE?MCU_API

?PR?_MCU_GET_DP_DOWNLOAD_VALUE?MCU_API           0099H    0002H
  +--> ?PR?_BYTE_TO_INT?MCU_API

?PR?_BYTE_TO_INT?MCU_API                         009BH    0007H
  +--> ?PR?MCU_API

?PR?_DP_DOWNLOAD_HUMIDITY_SAMPLING_HA...         0095H    0004H
  +--> ?PR?_MCU_GET_DP_DOWNLOAD_VALUE?MCU_API
  +--> ?PR?PROTOCOL
  +--> ?PR?_MCU_DP_VALUE_UPDATE?MCU_API

?PR?ALL_DATA_UPDATE?PROTOCOL                     -----    -----
  +--> ?PR?PROTOCOL
  +--> ?PR?_MCU_DP_VALUE_UPDATE?MCU_API
  +--> ?PR?_MCU_DP_ENUM_UPDATE?MCU_API

?PR?KEY_SCAN?USER_KEY                            0079H    0004H
  +--> ?PR?GET_COUNT_VALUE?USER_TIMER
  +--> ?PR?USER_KEY
  +--> ?PR?KEY1_LONGPRESS_HANDLE?USER_KEY
  +--> ?PR?KEY1_SHORTPRESS_HANDLE?USER_KEY
  +--> ?PR?_GET_KEY_PRESS_TIME?USER_KEY

?PR?GET_COUNT_VALUE?USER_TIMER                   -----    -----
  +--> ?PR?USER_TIMER

?PR?_GET_KEY_PRESS_TIME?USER_KEY                 007DH    0008H
  +--> ?PR?GET_COUNT_VALUE?USER_TIMER
  +--> ?PR?USER_KEY

?PR?WIFI_WORK_STATE_LED?MAIN                     -----    -----
  +--> ?PR?MCU_GET_WIFI_WORK_STATE?MCU_API
  +--> ?CO?MAIN
  +--> ?PR?MAIN
  +--> ?CO?CODETAB
  +--> ?PR?_OLED_DRAWBMP?USER_OLED
  +--> ?PR?_OLED_SHOWSTR?USER_OLED

?PR?_OLED_DRAWBMP?USER_OLED                      0079H    000BH
  +--> ?PR?_OLED_SETPOS?USER_OLED
  +--> ?PR?USER_OLED
  +--> ?PR?_OLED_WR_BYTE?USER_OLED
BL51 BANKED LINKER/LOCATER V6.22.2.0                                                  02/18/2021  10:10:08  PAGE 10





SYMBOL TABLE OF MODULE:  .\Obj\智能温湿度计 (MAIN)

  VALUE           TYPE          NAME
  ----------------------------------

  -------         MODULE        MAIN
  C:0000H         SYMBOL        _ICE_DUMMY_
  D:0080H         PUBLIC        P0
  D:0090H         PUBLIC        P1
  D:00A0H         PUBLIC        P2
  D:00B0H         PUBLIC        P3
  D:00C0H         PUBLIC        P4
  D:00C8H         PUBLIC        P5
  D:00E8H         PUBLIC        P6
  D:00F8H         PUBLIC        P7
  D:00A8H         PUBLIC        IE
  D:00B8H         PUBLIC        IP
  C:F466H         SYMBOL        read_sensor
  C:F31AH         SYMBOL        Bsp_Init
  D:00D8H         PUBLIC        CCON
  C:F084H         PUBLIC        main
  D:0098H         PUBLIC        SCON
  D:0088H         PUBLIC        TCON
  C:E294H         PUBLIC        Boot_animation
  X:00B5H         PUBLIC        FlashBuffer
  C:F3D5H         PUBLIC        Delay100ms
  X:00BFH         PUBLIC        is_read_time
  C:ECAEH         PUBLIC        welcome
  C:E4CBH         PUBLIC        wifi_work_state_led
  D:00D0H         PUBLIC        PSW
  C:F332H         SYMBOL        Com002F
  C:F332H         SYMBOL        L?0048
  C:F332H         SYMBOL        L?0049
  C:F33EH         SYMBOL        L?0050
  C:F340H         SYMBOL        L?0051
  -------         PROC          COM002F
  -------         ENDPROC       COM002F
  -------         PROC          DELAY100MS
  -------         DO            
  D:0007H         SYMBOL        i
  D:0006H         SYMBOL        j
  D:0005H         SYMBOL        k
  -------         ENDDO         
  C:F3D5H         LINE#         15
  C:F3D5H         LINE#         16
  C:F3D5H         LINE#         19
  C:F3D6H         LINE#         20
  C:F3D8H         LINE#         21
  C:F3DAH         LINE#         22
  C:F3DCH         LINE#         24
  C:F3DCH         LINE#         26
  C:F3DCH         LINE#         27
  C:F3DEH         LINE#         28
  C:F3E0H         LINE#         29
BL51 BANKED LINKER/LOCATER V6.22.2.0                                                  02/18/2021  10:10:08  PAGE 11


  C:F3E2H         LINE#         30
  -------         ENDPROC       DELAY100MS
  -------         PROC          BSP_INIT
  C:F31AH         LINE#         38
  C:F31AH         LINE#         39
  C:F31AH         LINE#         40
  C:F31DH         LINE#         41
  C:F320H         LINE#         42
  C:F323H         LINE#         43
  C:F326H         LINE#         44
  C:F329H         LINE#         45
  C:F32CH         LINE#         46
  C:F32FH         LINE#         47
  -------         ENDPROC       BSP_INIT
  -------         PROC          BOOT_ANIMATION
  -------         DO            
  X:0079H         SYMBOL        i
  X:007BH         SYMBOL        j
  -------         ENDDO         
  C:E294H         LINE#         56
  C:E294H         LINE#         57
  C:E294H         LINE#         59
  C:E29BH         LINE#         60
  C:E29BH         LINE#         61
  C:E2B2H         LINE#         62
  C:E2B2H         LINE#         63
  C:E2B9H         LINE#         64
  C:E2F0H         LINE#         65
  C:E300H         LINE#         66
  C:E303H         LINE#         67
  C:E323H         LINE#         68
  -------         ENDPROC       BOOT_ANIMATION
  -------         PROC          WELCOME
  C:ECAEH         LINE#         70
  C:ECAEH         LINE#         71
  C:ECAEH         LINE#         74
  C:ECB6H         LINE#         75
  C:ECBFH         LINE#         76
  C:ECC8H         LINE#         77
  C:ECD1H         LINE#         78
  C:ECDAH         LINE#         79
  C:ECE3H         LINE#         80
  C:ECECH         LINE#         81
  -------         ENDPROC       WELCOME
  -------         PROC          WIFI_WORK_STATE_LED
  -------         DO            
  D:0007H         SYMBOL        wifi_state
  -------         ENDDO         
  C:E4CBH         LINE#         90
  C:E4CBH         LINE#         91
  C:E4CBH         LINE#         92
  C:E4CEH         LINE#         93
  C:E4F0H         LINE#         94
  C:E4F0H         LINE#         95
  C:E4F0H         LINE#         96
  C:E4F6H         LINE#         97
  C:E4F8H         LINE#         99
BL51 BANKED LINKER/LOCATER V6.22.2.0                                                  02/18/2021  10:10:08  PAGE 12


  C:E4F8H         LINE#         100
  C:E4FEH         LINE#         101
  C:E500H         LINE#         103
  C:E500H         LINE#         104
  C:E509H         LINE#         105
  C:E509H         LINE#         106
  C:E50BH         LINE#         108
  C:E50BH         LINE#         109
  C:E514H         LINE#         110
  C:E514H         LINE#         111
  C:E516H         LINE#         113
  C:E516H         LINE#         114
  C:E51FH         LINE#         115
  C:E51FH         LINE#         116
  C:E521H         LINE#         118
  C:E521H         LINE#         119
  C:E533H         LINE#         120
  C:E53CH         LINE#         121
  C:E53EH         LINE#         123
  C:E53EH         LINE#         124
  C:E548H         LINE#         125
  C:E54AH         LINE#         127
  C:E54AH         LINE#         128
  C:E555H         LINE#         129
  C:E555H         LINE#         130
  C:E555H         LINE#         131
  -------         ENDPROC       WIFI_WORK_STATE_LED
  -------         PROC          READ_SENSOR
  C:F466H         LINE#         139
  C:F466H         LINE#         140
  C:F466H         LINE#         141
  C:F469H         LINE#         142
  -------         ENDPROC       READ_SENSOR
  -------         PROC          MAIN
  C:F084H         LINE#         151
  C:F084H         LINE#         152
  C:F084H         LINE#         154
  C:F087H         LINE#         157
  C:F08AH         LINE#         158
  C:F08DH         LINE#         160
  C:F090H         LINE#         161
  C:F093H         LINE#         162
  C:F096H         LINE#         165
  C:F096H         LINE#         166
  C:F096H         LINE#         168
  C:F099H         LINE#         170
  C:F09CH         LINE#         172
  C:F09FH         LINE#         173
  C:F0A7H         LINE#         174
  C:F0A7H         LINE#         176
  C:F0AAH         LINE#         177
  C:F0AFH         LINE#         178
  C:F0AFH         LINE#         179
  -------         ENDPROC       MAIN
  -------         ENDMOD        MAIN

  -------         MODULE        USER_ADC
BL51 BANKED LINKER/LOCATER V6.22.2.0                                                  02/18/2021  10:10:08  PAGE 13


  C:0000H         SYMBOL        _ICE_DUMMY_
  D:0092H         PUBLIC        P1M0
  D:0091H         PUBLIC        P1M1
  D:0080H         PUBLIC        P0
  D:0090H         PUBLIC        P1
  D:00A0H         PUBLIC        P2
  D:00B0H         PUBLIC        P3
  D:00C0H         PUBLIC        P4
  D:00C8H         PUBLIC        P5
  D:00E8H         PUBLIC        P6
  D:00F8H         PUBLIC        P7
  D:00A8H         PUBLIC        IE
  D:00BDH         PUBLIC        ADC_RES
  D:00B8H         PUBLIC        IP
  D:00DEH         PUBLIC        ADCCFG
  D:00D8H         PUBLIC        CCON
  D:00BCH         PUBLIC        ADC_CONTR
  D:0098H         PUBLIC        SCON
  D:0088H         PUBLIC        TCON
  C:F360H         PUBLIC        ADC_read
  C:D494H         PUBLIC        Get_Voltage
  C:F3F1H         PUBLIC        ADC_init
  D:00BEH         PUBLIC        ADC_RESL
  D:00D0H         PUBLIC        PSW
  C:F444H         SYMBOL        Com002A
  C:F444H         SYMBOL        L?0043
  C:F444H         SYMBOL        L?0044
  -------         PROC          COM002A
  -------         ENDPROC       COM002A
  -------         PROC          ADC_INIT
  C:F3F1H         LINE#         64
  C:F3F1H         LINE#         65
  C:F3F1H         LINE#         66
  C:F3F4H         LINE#         67
  C:F3F7H         LINE#         68
  C:F3FAH         LINE#         69
  C:F3FDH         LINE#         70
  -------         ENDPROC       ADC_INIT
  -------         PROC          ADC_READ
  -------         DO            
  D:0006H         SYMBOL        res
  -------         ENDDO         
  C:F360H         LINE#         78
  C:F360H         LINE#         79
  C:F360H         LINE#         82
  C:F363H         LINE#         83
  C:F364H         LINE#         84
  C:F365H         LINE#         85
  C:F36AH         LINE#         86
  C:F36DH         LINE#         87
  C:F375H         LINE#         89
  C:F375H         LINE#         90
  -------         ENDPROC       ADC_READ
  -------         PROC          GET_VOLTAGE
  -------         DO            
  X:007DH         SYMBOL        res
  X:007FH         SYMBOL        vcc
BL51 BANKED LINKER/LOCATER V6.22.2.0                                                  02/18/2021  10:10:08  PAGE 14


  D:0002H         SYMBOL        i
  -------         ENDDO         
  C:D494H         LINE#         102
  C:D494H         LINE#         103
  C:D494H         LINE#         108
  C:D497H         LINE#         109
  C:D49AH         LINE#         110
  C:D49DH         LINE#         111
  C:D4A4H         LINE#         112
  C:D4A6H         LINE#         113
  C:D4A6H         LINE#         114
  C:D4B5H         LINE#         115
  C:D4C0H         LINE#         116
  C:D4DAH         LINE#         117
  C:D4FDH         LINE#         119
  C:D515H         LINE#         120
  C:D515H         LINE#         121
  C:D51AH         LINE#         122
  C:D51AH         LINE#         123
  C:D51AH         LINE#         124
  C:D51DH         LINE#         125
  C:D534H         LINE#         126
  C:D534H         LINE#         127
  C:D539H         LINE#         128
  C:D539H         LINE#         129
  C:D539H         LINE#         130
  C:D53CH         LINE#         131
  C:D553H         LINE#         132
  C:D553H         LINE#         133
  C:D558H         LINE#         134
  C:D558H         LINE#         135
  C:D558H         LINE#         136
  C:D55BH         LINE#         137
  C:D572H         LINE#         138
  C:D572H         LINE#         139
  C:D577H         LINE#         140
  C:D577H         LINE#         141
  C:D577H         LINE#         142
  C:D57AH         LINE#         143
  C:D591H         LINE#         144
  C:D591H         LINE#         145
  C:D596H         LINE#         146
  C:D596H         LINE#         147
  C:D596H         LINE#         148
  C:D599H         LINE#         149
  C:D5B0H         LINE#         150
  C:D5B0H         LINE#         151
  C:D5B5H         LINE#         152
  C:D5B5H         LINE#         153
  C:D5B5H         LINE#         154
  C:D5B8H         LINE#         155
  C:D5CFH         LINE#         156
  C:D5CFH         LINE#         157
  C:D5D4H         LINE#         158
  C:D5D4H         LINE#         159
  C:D5D4H         LINE#         160
  C:D5D7H         LINE#         161
BL51 BANKED LINKER/LOCATER V6.22.2.0                                                  02/18/2021  10:10:08  PAGE 15


  C:D5EEH         LINE#         162
  C:D5EEH         LINE#         163
  C:D5F3H         LINE#         164
  C:D5F3H         LINE#         165
  C:D5F3H         LINE#         166
  C:D5F5H         LINE#         167
  C:D60CH         LINE#         168
  C:D60CH         LINE#         169
  C:D611H         LINE#         170
  C:D611H         LINE#         171
  C:D611H         LINE#         172
  C:D613H         LINE#         173
  C:D62AH         LINE#         174
  C:D62AH         LINE#         175
  C:D62FH         LINE#         176
  C:D62FH         LINE#         177
  C:D62FH         LINE#         178
  C:D631H         LINE#         179
  C:D642H         LINE#         180
  C:D642H         LINE#         181
  C:D647H         LINE#         182
  C:D65CH         LINE#         183
  C:D66BH         LINE#         184
  C:D66BH         LINE#         185
  C:D675H         LINE#         186
  -------         ENDPROC       GET_VOLTAGE
  -------         ENDMOD        USER_ADC

  -------         MODULE        USER_I2C
  C:0000H         SYMBOL        _ICE_DUMMY_
  D:0080H         PUBLIC        P0
  D:0090H         PUBLIC        P1
  D:00A0H         PUBLIC        P2
  D:00B0H         PUBLIC        P3
  D:00C0H         PUBLIC        P4
  D:00C8H         PUBLIC        P5
  D:00E8H         PUBLIC        P6
  D:00F8H         PUBLIC        P7
  C:F3B3H         PUBLIC        _SendData
  D:00BAH         PUBLIC        P_SW2
  D:00A8H         PUBLIC        IE
  C:F3C4H         PUBLIC        RecvData
  C:F40BH         PUBLIC        Start
  D:00B8H         PUBLIC        IP
  C:F423H         PUBLIC        _WriteCmd
  D:00D8H         PUBLIC        CCON
  C:F417H         PUBLIC        Stop
  C:F42EH         PUBLIC        _WriteDat
  D:0098H         PUBLIC        SCON
  D:0088H         PUBLIC        TCON
  C:F0DEH         PUBLIC        I2C_Isr
  C:F3A1H         PUBLIC        I2C_init
  C:F2D4H         PUBLIC        SendACK
  B:0020H.0       PUBLIC        busy1
  D:00D0H         PUBLIC        PSW
  C:F3FEH         SYMBOL        Com0016
  C:F3FEH         SYMBOL        L?0023
BL51 BANKED LINKER/LOCATER V6.22.2.0                                                  02/18/2021  10:10:08  PAGE 16


  -------         PROC          COM0016
  -------         ENDPROC       COM0016
  -------         PROC          I2C_INIT
  C:F3A1H         LINE#         23
  C:F3A1H         LINE#         24
  C:F3A1H         LINE#         25
  C:F3A4H         LINE#         27
  C:F3A7H         LINE#         30
  C:F3ADH         LINE#         31
  C:F3B2H         LINE#         32
  -------         ENDPROC       I2C_INIT
  -------         PROC          I2C_ISR
  -------         DO            
  D:0007H         SYMBOL        store
  -------         ENDDO         
  C:F0DEH         LINE#         44
  C:F0EBH         LINE#         48
  C:F0EDH         LINE#         49
  C:F0F0H         LINE#         50
  C:F0F7H         LINE#         51
  C:F0F7H         LINE#         52
  C:F0FBH         LINE#         53
  C:F0FDH         LINE#         54
  C:F0FDH         LINE#         55
  C:F0FFH         LINE#         56
  -------         ENDPROC       I2C_ISR
  -------         PROC          START
  C:F40BH         LINE#         64
  C:F40BH         LINE#         65
  C:F40BH         LINE#         66
  C:F40DH         LINE#         67
  C:F413H         LINE#         68
  C:F416H         LINE#         69
  -------         ENDPROC       START
  -------         PROC          _SENDDATA
  D:0007H         SYMBOL        dat
  C:F3B3H         LINE#         77
  C:F3B3H         LINE#         78
  C:F3B3H         LINE#         79
  C:F3B8H         LINE#         80
  C:F3BAH         LINE#         81
  C:F3C0H         LINE#         82
  C:F3C3H         LINE#         83
  -------         ENDPROC       _SENDDATA
  -------         PROC          RECVDATA
  C:F3C4H         LINE#         105
  C:F3C4H         LINE#         106
  C:F3C4H         LINE#         107
  C:F3C6H         LINE#         108
  C:F3CCH         LINE#         109
  C:F3CFH         LINE#         110
  C:F3D4H         LINE#         111
  -------         ENDPROC       RECVDATA
  -------         PROC          L?0021
  -------         ENDPROC       L?0021
  -------         PROC          SENDACK
  C:F2D4H         LINE#         119
BL51 BANKED LINKER/LOCATER V6.22.2.0                                                  02/18/2021  10:10:08  PAGE 17


  C:F2D4H         LINE#         120
  C:F2D4H         LINE#         121
  C:F2D9H         LINE#         122
  C:F2DBH         LINE#         123
  C:F2E1H         LINE#         124
  C:F2E4H         LINE#         125
  -------         ENDPROC       SENDACK
  -------         PROC          STOP
  C:F417H         LINE#         147
  C:F417H         LINE#         148
  C:F417H         LINE#         149
  C:F419H         LINE#         150
  C:F41FH         LINE#         151
  C:F422H         LINE#         152
  -------         ENDPROC       STOP
  -------         PROC          _WRITECMD
  D:0006H         SYMBOL        command
  D:0005H         SYMBOL        addr
  C:F423H         LINE#         267
  C:F423H         LINE#         268
  C:F423H         LINE#         269
  C:F423H         LINE#         270
  C:F423H         LINE#         271
  C:F426H         LINE#         272
  C:F428H         LINE#         273
  C:F428H         LINE#         274
  C:F428H         LINE#         275
  C:F42BH         LINE#         276
  -------         ENDPROC       _WRITECMD
  -------         PROC          _WRITEDAT
  D:0006H         SYMBOL        Data
  D:0005H         SYMBOL        addr
  C:F42EH         LINE#         285
  C:F42EH         LINE#         286
  C:F42EH         LINE#         287
  C:F42EH         LINE#         288
  C:F42EH         LINE#         289
  C:F431H         LINE#         290
  C:F433H         LINE#         291
  C:F433H         LINE#         292
  C:F433H         LINE#         293
  C:F436H         LINE#         294
  -------         ENDPROC       _WRITEDAT
  -------         ENDMOD        USER_I2C

  -------         MODULE        USER_KEY
  C:0000H         SYMBOL        _ICE_DUMMY_
  D:0080H         PUBLIC        P0
  D:0090H         PUBLIC        P1
  D:00A0H         PUBLIC        P2
  D:00B0H         PUBLIC        P3
  D:00C0H         PUBLIC        P4
  D:00C8H         PUBLIC        P5
  D:00E8H         PUBLIC        P6
  D:00F8H         PUBLIC        P7
  X:00C0H         PUBLIC        Status
  D:00A8H         PUBLIC        IE
BL51 BANKED LINKER/LOCATER V6.22.2.0                                                  02/18/2021  10:10:08  PAGE 18


  C:EA28H         SYMBOL        _Get_Key_Press_Time
  C:F2ABH         SYMBOL        Key1_LongPress_Handle
  C:F300H         SYMBOL        Key1_ShortPress_Handle
  D:00B8H         PUBLIC        IP
  D:00D8H         PUBLIC        CCON
  X:00C1H         PUBLIC        Long_Press_Handle
  X:00C4H         PUBLIC        Short_Press_Handle
  D:0098H         PUBLIC        SCON
  D:0088H         PUBLIC        TCON
  B:0020H.1       PUBLIC        lastButtonState
  X:00C7H         PUBLIC        last_time
  C:DEB9H         PUBLIC        key_scan
  C:F161H         PUBLIC        key_init
  D:00D0H         PUBLIC        PSW
  B:0080H.7       PUBLIC        K1
  C:ED7CH         SYMBOL        Com001E
  C:ED7CH         SYMBOL        L?0031
  C:ED81H         SYMBOL        L?0032
  C:ED86H         SYMBOL        L?0033
  C:ED87H         SYMBOL        L?0034
  C:ED92H         SYMBOL        L?0035
  C:ED95H         SYMBOL        L?0036
  C:ED96H         SYMBOL        L?0037
  C:EDA1H         SYMBOL        L?0038
  C:EDA3H         SYMBOL        L?0039
  C:EDAEH         SYMBOL        L?0040
  C:EDAEH         SYMBOL        L?0041
  -------         PROC          COM001E
  -------         ENDPROC       COM001E
  -------         PROC          KEY1_SHORTPRESS_HANDLE
  C:F300H         LINE#         27
  C:F300H         LINE#         28
  C:F300H         LINE#         29
  C:F30AH         LINE#         30
  C:F30DH         LINE#         31
  C:F310H         LINE#         32
  -------         ENDPROC       KEY1_SHORTPRESS_HANDLE
  -------         PROC          KEY1_LONGPRESS_HANDLE
  C:F2ABH         LINE#         41
  C:F2ABH         LINE#         42
  C:F2ABH         LINE#         44
  C:F2AEH         LINE#         45
  C:F2BCH         LINE#         46
  C:F2BCH         LINE#         47
  C:F2C8H         LINE#         48
  C:F2C8H         LINE#         50
  -------         ENDPROC       KEY1_LONGPRESS_HANDLE
  -------         PROC          KEY_INIT
  C:F161H         LINE#         58
  C:F161H         LINE#         59
  C:F161H         LINE#         60
  C:F16BH         LINE#         61
  C:F170H         LINE#         62
  C:F172H         LINE#         64
  C:F17EH         LINE#         66
  C:F18AH         LINE#         67
  -------         ENDPROC       KEY_INIT
BL51 BANKED LINKER/LOCATER V6.22.2.0                                                  02/18/2021  10:10:08  PAGE 19


  -------         PROC          _GET_KEY_PRESS_TIME
  X:007DH         SYMBOL        last_time
  -------         DO            
  X:0081H         SYMBOL        time
  -------         ENDDO         
  C:EA28H         LINE#         75
  C:EA2EH         LINE#         76
  C:EA2EH         LINE#         79
  C:EA37H         LINE#         80
  C:EA48H         LINE#         81
  C:EA48H         LINE#         82
  C:EA5CH         LINE#         83
  C:EA5EH         LINE#         85
  C:EA5EH         LINE#         87
  C:EA77H         LINE#         88
  C:EA77H         LINE#         90
  C:EA7DH         LINE#         91
  -------         ENDPROC       _GET_KEY_PRESS_TIME
  C:DF97H         SYMBOL        L?0042
  -------         PROC          KEY_SCAN
  -------         DO            
  X:0079H         SYMBOL        time
  -------         ENDDO         
  C:DEB9H         LINE#         99
  C:DEB9H         LINE#         100
  C:DEB9H         LINE#         103
  C:DEC9H         LINE#         104
  C:DEC9H         LINE#         105
  C:DEC9H         LINE#         107
  C:DECCH         LINE#         108
  C:DECCH         LINE#         109
  C:DED2H         LINE#         110
  C:DEDBH         LINE#         111
  C:DEDBH         LINE#         112
  C:DEDDH         LINE#         114
  C:DEDDH         LINE#         115
  C:DEE0H         LINE#         116
  C:DEE0H         LINE#         117
  C:DEE5H         LINE#         118
  C:DEE5H         LINE#         119
  C:DEE5H         LINE#         120
  C:DEE7H         LINE#         122
  C:DEE7H         LINE#         123
  C:DEEAH         LINE#         124
  C:DEEAH         LINE#         125
  C:DEF4H         LINE#         126
  C:DEF9H         LINE#         127
  C:DEFBH         LINE#         128
  C:DEFBH         LINE#         129
  C:DEFBH         LINE#         130
  C:DEFBH         LINE#         132
  C:DF09H         LINE#         133
  C:DF09H         LINE#         134
  C:DF12H         LINE#         135
  C:DF1BH         LINE#         136
  C:DF1BH         LINE#         139
  C:DF21H         LINE#         140
BL51 BANKED LINKER/LOCATER V6.22.2.0                                                  02/18/2021  10:10:08  PAGE 20


  C:DF2AH         LINE#         141
  C:DF2AH         LINE#         142
  C:DF2DH         LINE#         143
  C:DF2FH         LINE#         144
  C:DF2FH         LINE#         145
  C:DF2FH         LINE#         146
  C:DF30H         LINE#         147
  C:DF38H         LINE#         148
  C:DF38H         LINE#         150
  C:DF41H         LINE#         152
  C:DF4BH         LINE#         153
  C:DF50H         LINE#         154
  C:DF71H         LINE#         155
  C:DF71H         LINE#         157
  C:DF7CH         LINE#         158
  C:DF7CH         LINE#         159
  C:DF7FH         LINE#         160
  C:DF7FH         LINE#         161
  C:DF7FH         LINE#         162
  C:DF88H         LINE#         163
  C:DF88H         LINE#         165
  C:DF93H         LINE#         166
  C:DF93H         LINE#         167
  C:DF96H         LINE#         168
  C:DF96H         LINE#         169
  C:DF96H         LINE#         171
  C:DF96H         LINE#         172
  -------         ENDPROC       KEY_SCAN
  -------         ENDMOD        USER_KEY

  -------         MODULE        USER_OLED
  C:0000H         SYMBOL        _ICE_DUMMY_
  D:0080H         PUBLIC        P0
  D:0090H         PUBLIC        P1
  D:00A0H         PUBLIC        P2
  D:00B0H         PUBLIC        P3
  D:00C0H         PUBLIC        P4
  D:00C8H         PUBLIC        P5
  D:00E8H         PUBLIC        P6
  D:00F8H         PUBLIC        P7
  D:00A8H         PUBLIC        IE
  D:00B8H         PUBLIC        IP
  C:DDCCH         PUBLIC        OLED_Init
  D:00D8H         PUBLIC        CCON
  C:F228H         PUBLIC        _OLED_WR_Byte
  C:E086H         PUBLIC        _OLED_ShowChar
  D:0098H         PUBLIC        SCON
  D:0088H         PUBLIC        TCON
  C:E74BH         PUBLIC        _OLED_ShowCHinese
  C:E832H         PUBLIC        _OLED_OLED_WR_Byte_con
  C:D98AH         PUBLIC        _OLED_ShowNum
  C:ECF5H         PUBLIC        _oled_pow
  C:E6D5H         PUBLIC        _OLED_ShowStr
  C:EF89H         PUBLIC        _OLED_SetPos
  C:E96FH         PUBLIC        OLED_Clear
  C:E3B2H         PUBLIC        _OLED_DrawBMP
  D:00D0H         PUBLIC        PSW
BL51 BANKED LINKER/LOCATER V6.22.2.0                                                  02/18/2021  10:10:08  PAGE 21


  C:E324H         SYMBOL        Com0053
  C:E324H         SYMBOL        L?0084
  C:E324H         SYMBOL        L?0085
  C:E32EH         SYMBOL        L?0086
  C:E332H         SYMBOL        L?0087
  C:E339H         SYMBOL        L?0089
  C:E341H         SYMBOL        L?0090
  C:E343H         SYMBOL        L?0091
  C:E34FH         SYMBOL        L?0093
  C:E356H         SYMBOL        L?0094
  C:E35FH         SYMBOL        L?0095
  C:E364H         SYMBOL        L?0096
  C:E36DH         SYMBOL        L?0098
  C:E380H         SYMBOL        L?0099
  C:E385H         SYMBOL        L?0100
  C:E38DH         SYMBOL        L?0103
  C:E38DH         SYMBOL        L?0104
  C:E396H         SYMBOL        L?0105
  C:E3A3H         SYMBOL        L?0107
  C:E3A4H         SYMBOL        L?0108
  C:E3ABH         SYMBOL        L?0109
  C:E3ABH         SYMBOL        L?0110
  -------         PROC          COM0053
  -------         ENDPROC       COM0053
  -------         PROC          _OLED_WR_BYTE
  X:009EH         SYMBOL        dat
  D:0004H         SYMBOL        cmd
  C:F228H         LINE#         20
  C:F230H         LINE#         21
  C:F230H         LINE#         22
  C:F239H         LINE#         23
  C:F239H         LINE#         24
  C:F241H         LINE#         25
  C:F241H         LINE#         27
  C:F241H         LINE#         28
  C:F249H         LINE#         29
  C:F249H         LINE#         30
  -------         ENDPROC       _OLED_WR_BYTE
  C:E897H         SYMBOL        L?0111
  -------         PROC          _OLED_OLED_WR_BYTE_CON
  X:007DH         SYMBOL        dat
  X:0080H         SYMBOL        count
  -------         DO            
  X:0082H         SYMBOL        i
  -------         ENDDO         
  C:E832H         LINE#         38
  C:E843H         LINE#         39
  C:E843H         LINE#         40
  C:E848H         LINE#         41
  C:E84BH         LINE#         42
  C:E84DH         LINE#         43
  C:E850H         LINE#         44
  C:E852H         LINE#         45
  C:E855H         LINE#         46
  C:E870H         LINE#         47
  C:E870H         LINE#         48
  C:E881H         LINE#         49
BL51 BANKED LINKER/LOCATER V6.22.2.0                                                  02/18/2021  10:10:08  PAGE 22


  C:E884H         LINE#         50
  C:E894H         LINE#         51
  C:E897H         LINE#         52
  -------         ENDPROC       _OLED_OLED_WR_BYTE_CON
  C:DE65H         SYMBOL        L?0078
  C:DE73H         SYMBOL        L?0079
  C:DE81H         SYMBOL        L?0080
  C:DE8FH         SYMBOL        L?0081
  C:DE9DH         SYMBOL        L?0082
  C:DEABH         SYMBOL        L?0092
  -------         PROC          OLED_INIT
  C:DDCCH         LINE#         82
  C:DDCCH         LINE#         83
  C:DDCCH         LINE#         84
  C:DDCEH         LINE#         85
  C:DDD7H         LINE#         86
  C:DDD9H         LINE#         87
  C:DDE3H         LINE#         88
  C:DDE5H         LINE#         89
  C:DDEFH         LINE#         90
  C:DDF1H         LINE#         91
  C:DDFBH         LINE#         92
  C:DDFDH         LINE#         93
  C:DE07H         LINE#         94
  C:DE09H         LINE#         95
  C:DE13H         LINE#         96
  C:DE15H         LINE#         97
  C:DE1EH         LINE#         98
  C:DE20H         LINE#         99
  C:DE2AH         LINE#         100
  C:DE2CH         LINE#         101
  C:DE36H         LINE#         102
  C:DE38H         LINE#         103
  C:DE42H         LINE#         104
  C:DE44H         LINE#         106
  C:DE4EH         LINE#         107
  C:DE50H         LINE#         108
  C:DE5AH         LINE#         109
  C:DE65H         LINE#         110
  -------         ENDPROC       OLED_INIT
  -------         PROC          OLED_CLEAR
  -------         DO            
  X:0079H         SYMBOL        i
  X:007AH         SYMBOL        n
  -------         ENDDO         
  C:E96FH         LINE#         118
  C:E96FH         LINE#         119
  C:E96FH         LINE#         121
  C:E980H         LINE#         122
  C:E980H         LINE#         123
  C:E98EH         LINE#         124
  C:E998H         LINE#         125
  C:E9A3H         LINE#         126
  C:E9C5H         LINE#         127
  C:E9CDH         LINE#         128
  -------         ENDPROC       OLED_CLEAR
  C:EFB1H         SYMBOL        L?0106
BL51 BANKED LINKER/LOCATER V6.22.2.0                                                  02/18/2021  10:10:08  PAGE 23


  -------         PROC          _OLED_SETPOS
  X:009DH         SYMBOL        x
  D:0005H         SYMBOL        y
  C:EF89H         LINE#         136
  C:EF8EH         LINE#         137
  C:EF8EH         LINE#         138
  C:EF95H         LINE#         139
  C:EFA2H         LINE#         140
  C:EFB1H         LINE#         141
  -------         ENDPROC       _OLED_SETPOS
  C:E12CH         SYMBOL        L?0097
  C:E13DH         SYMBOL        L?0101
  -------         PROC          _OLED_SHOWCHAR
  X:0097H         SYMBOL        x
  X:0098H         SYMBOL        y
  D:0003H         SYMBOL        ch
  X:009AH         SYMBOL        TextSize
  -------         DO            
  X:009BH         SYMBOL        c
  X:009CH         SYMBOL        i
  -------         ENDDO         
  C:E086H         LINE#         177
  C:E091H         LINE#         178
  C:E091H         LINE#         179
  C:E098H         LINE#         180
  C:E09FH         LINE#         181
  C:E0A9H         LINE#         182
  C:E0A9H         LINE#         183
  C:E0ADH         LINE#         184
  C:E0B0H         LINE#         185
  C:E0B0H         LINE#         186
  C:E0B8H         LINE#         187
  C:E0B8H         LINE#         188
  C:E0B8H         LINE#         189
  C:E0C0H         LINE#         190
  C:E0D3H         LINE#         191
  C:E0DFH         LINE#         192
  C:E0E9H         LINE#         193
  C:E0FCH         LINE#         194
  C:E0FCH         LINE#         196
  C:E0FCH         LINE#         197
  C:E0FCH         LINE#         198
  C:E10DH         LINE#         199
  C:E12BH         LINE#         200
  C:E12BH         LINE#         201
  -------         ENDPROC       _OLED_SHOWCHAR
  -------         PROC          _OLED_SHOWSTR
  X:008DH         SYMBOL        x
  X:008EH         SYMBOL        y
  X:008FH         SYMBOL        ch
  X:0092H         SYMBOL        TextSize
  -------         DO            
  X:0093H         SYMBOL        j
  -------         ENDDO         
  C:E6D5H         LINE#         212
  C:E6E3H         LINE#         213
  C:E6E3H         LINE#         214
BL51 BANKED LINKER/LOCATER V6.22.2.0                                                  02/18/2021  10:10:08  PAGE 24


  C:E6E8H         LINE#         215
  C:E6FDH         LINE#         216
  C:E6FDH         LINE#         217
  C:E710H         LINE#         218
  C:E718H         LINE#         219
  C:E718H         LINE#         220
  C:E71FH         LINE#         221
  C:E729H         LINE#         222
  C:E729H         LINE#         223
  C:E729H         LINE#         224
  C:E72CH         LINE#         225
  C:E72CH         LINE#         226
  C:E72CH         LINE#         227
  C:E72EH         LINE#         229
  C:E72EH         LINE#         230
  C:E735H         LINE#         231
  C:E73FH         LINE#         232
  C:E73FH         LINE#         233
  C:E73FH         LINE#         234
  C:E742H         LINE#         235
  C:E742H         LINE#         236
  C:E748H         LINE#         237
  C:E748H         LINE#         238
  C:E74AH         LINE#         239
  -------         ENDPROC       _OLED_SHOWSTR
  -------         PROC          _OLED_POW
  X:0097H         SYMBOL        m
  X:0098H         SYMBOL        n
  -------         DO            
  X:0099H         SYMBOL        result
  -------         ENDDO         
  C:ECF5H         LINE#         247
  C:ECF8H         LINE#         248
  C:ECF8H         LINE#         249
  C:ED02H         LINE#         250
  C:ED2CH         LINE#         251
  C:ED3AH         LINE#         252
  -------         ENDPROC       _OLED_POW
  C:DA72H         SYMBOL        L?0088
  -------         PROC          _OLED_SHOWNUM
  X:008DH         SYMBOL        x
  X:008EH         SYMBOL        y
  X:008FH         SYMBOL        num
  X:0091H         SYMBOL        len
  X:0092H         SYMBOL        TextSize
  -------         DO            
  X:0093H         SYMBOL        i
  X:0094H         SYMBOL        t
  X:0095H         SYMBOL        temp
  X:0096H         SYMBOL        enshow
  -------         ENDDO         
  C:D98AH         LINE#         264
  C:D995H         LINE#         265
  C:D995H         LINE#         267
  C:D99AH         LINE#         268
  C:D9A3H         LINE#         269
  C:D9A9H         LINE#         271
BL51 BANKED LINKER/LOCATER V6.22.2.0                                                  02/18/2021  10:10:08  PAGE 25


  C:D9AFH         LINE#         272
  C:D9BFH         LINE#         273
  C:D9BFH         LINE#         274
  C:D9CCH         LINE#         275
  C:D9DEH         LINE#         276
  C:D9EFH         LINE#         277
  C:D9EFH         LINE#         278
  C:D9EFH         LINE#         279
  C:D9F9H         LINE#         280
  C:D9F9H         LINE#         281
  C:D9FDH         LINE#         282
  C:D9FDH         LINE#         283
  C:DA06H         LINE#         284
  C:DA08H         LINE#         285
  C:DA0EH         LINE#         286
  C:DA0EH         LINE#         287
  C:DA1BH         LINE#         288
  C:DA24H         LINE#         289
  C:DA24H         LINE#         291
  C:DA24H         LINE#         292
  C:DA32H         LINE#         293
  C:DA32H         LINE#         294
  C:DA32H         LINE#         295
  C:DA3CH         LINE#         296
  C:DA3CH         LINE#         297
  C:DA40H         LINE#         298
  C:DA40H         LINE#         299
  C:DA4CH         LINE#         300
  C:DA4EH         LINE#         301
  C:DA54H         LINE#         302
  C:DA54H         LINE#         303
  C:DA68H         LINE#         304
  C:DA71H         LINE#         305
  C:DA71H         LINE#         306
  -------         ENDPROC       _OLED_SHOWNUM
  C:E7B1H         SYMBOL        L?0102
  -------         PROC          _OLED_SHOWCHINESE
  X:0079H         SYMBOL        x
  X:007AH         SYMBOL        y
  X:007BH         SYMBOL        no
  -------         DO            
  X:007CH         SYMBOL        t
  X:007DH         SYMBOL        adder
  -------         ENDDO         
  C:E74BH         LINE#         314
  C:E758H         LINE#         315
  C:E758H         LINE#         316
  C:E75DH         LINE#         317
  C:E760H         LINE#         318
  C:E76AH         LINE#         319
  C:E76AH         LINE#         320
  C:E77DH         LINE#         321
  C:E77DH         LINE#         322
  C:E782H         LINE#         323
  C:E78EH         LINE#         324
  C:E798H         LINE#         325
  C:E798H         LINE#         326
BL51 BANKED LINKER/LOCATER V6.22.2.0                                                  02/18/2021  10:10:08  PAGE 26


  C:E7ABH         LINE#         327
  C:E7ABH         LINE#         328
  C:E7B0H         LINE#         329
  -------         ENDPROC       _OLED_SHOWCHINESE
  -------         PROC          _OLED_DRAWBMP
  X:0079H         SYMBOL        x0
  D:0005H         SYMBOL        y0
  X:007BH         SYMBOL        x1
  X:007CH         SYMBOL        y1
  X:007DH         SYMBOL        BMP
  -------         DO            
  X:0080H         SYMBOL        j
  X:0082H         SYMBOL        x
  X:0083H         SYMBOL        y
  -------         ENDDO         
  C:E3B2H         LINE#         342
  C:E3BCH         LINE#         343
  C:E3BCH         LINE#         344
  C:E3C3H         LINE#         347
  C:E3CCH         LINE#         348
  C:E3D4H         LINE#         350
  C:E3E2H         LINE#         351
  C:E3F5H         LINE#         352
  C:E3F5H         LINE#         353
  C:E3FDH         LINE#         354
  C:E412H         LINE#         355
  C:E412H         LINE#         356
  C:E42EH         LINE#         357
  C:E436H         LINE#         358
  C:E43EH         LINE#         359
  -------         ENDPROC       _OLED_DRAWBMP
  -------         ENDMOD        USER_OLED

  -------         MODULE        USER_SHT30
  C:0000H         SYMBOL        _ICE_DUMMY_
  D:0080H         PUBLIC        P0
  D:0090H         PUBLIC        P1
  D:00A0H         PUBLIC        P2
  D:00B0H         PUBLIC        P3
  D:00C0H         PUBLIC        P4
  D:00C8H         PUBLIC        P5
  D:00E8H         PUBLIC        P6
  D:00F8H         PUBLIC        P7
  D:00A8H         PUBLIC        IE
  D:00B8H         PUBLIC        IP
  D:00D8H         PUBLIC        CCON
  C:D22FH         PUBLIC        sht30_read
  D:0098H         PUBLIC        SCON
  D:0088H         PUBLIC        TCON
  C:F28CH         PUBLIC        SHT_Init
  C:E907H         PUBLIC        _sht_crc
  D:00D0H         PUBLIC        PSW
  C:EF19H         SYMBOL        Com0015
  C:EF19H         SYMBOL        L?0022
  C:EF1EH         SYMBOL        L?0023
  C:EF29H         SYMBOL        L?0024
  C:EF29H         SYMBOL        L?0025
BL51 BANKED LINKER/LOCATER V6.22.2.0                                                  02/18/2021  10:10:08  PAGE 27


  C:EF35H         SYMBOL        L?0027
  C:EF44H         SYMBOL        L?0028
  -------         PROC          COM0015
  -------         ENDPROC       COM0015
  C:F2A4H         SYMBOL        L?0030
  -------         PROC          SHT_INIT
  C:F28CH         LINE#         20
  C:F28CH         LINE#         21
  C:F28CH         LINE#         22
  C:F28FH         LINE#         23
  C:F291H         LINE#         24
  C:F294H         LINE#         25
  C:F296H         LINE#         26
  C:F299H         LINE#         27
  C:F29EH         LINE#         28
  C:F2A1H         LINE#         29
  C:F2A4H         LINE#         30
  -------         ENDPROC       SHT_INIT
  -------         PROC          _SHT_CRC
  X:008DH         SYMBOL        shtdata
  X:0090H         SYMBOL        count
  -------         DO            
  D:0007H         SYMBOL        crc_bit
  X:0091H         SYMBOL        crc
  D:0005H         SYMBOL        byteCtr
  -------         ENDDO         
  C:E907H         LINE#         38
  C:E915H         LINE#         39
  C:E915H         LINE#         41
  C:E919H         LINE#         45
  C:E925H         LINE#         46
  C:E925H         LINE#         47
  C:E942H         LINE#         48
  C:E94EH         LINE#         49
  C:E94EH         LINE#         50
  C:E955H         LINE#         51
  C:E95CH         LINE#         53
  C:E963H         LINE#         54
  C:E966H         LINE#         55
  C:E969H         LINE#         56
  C:E96EH         LINE#         57
  -------         ENDPROC       _SHT_CRC
  C:D47BH         SYMBOL        L?0020
  C:D484H         SYMBOL        L?0026
  C:D48DH         SYMBOL        L?0029
  -------         PROC          SHT30_READ
  -------         DO            
  X:007DH         SYMBOL        result
  D:0004H         SYMBOL        St
  X:0087H         SYMBOL        Srh
  D:0006H         SYMBOL        e
  X:0089H         SYMBOL        T
  X:008BH         SYMBOL        AT
  -------         ENDDO         
  C:D22FH         LINE#         65
  C:D22FH         LINE#         66
  C:D22FH         LINE#         74
BL51 BANKED LINKER/LOCATER V6.22.2.0                                                  02/18/2021  10:10:08  PAGE 28


  C:D232H         LINE#         75
  C:D234H         LINE#         76
  C:D237H         LINE#         77
  C:D239H         LINE#         78
  C:D23CH         LINE#         79
  C:D241H         LINE#         80
  C:D244H         LINE#         82
  C:D247H         LINE#         83
  C:D24CH         LINE#         84
  C:D24FH         LINE#         85
  C:D255H         LINE#         86
  C:D255H         LINE#         87
  C:D25BH         LINE#         88
  C:D25BH         LINE#         89
  C:D261H         LINE#         90
  C:D261H         LINE#         91
  C:D267H         LINE#         92
  C:D267H         LINE#         93
  C:D26FH         LINE#         94
  C:D272H         LINE#         95
  C:D27AH         LINE#         96
  C:D27DH         LINE#         98
  C:D2A7H         LINE#         99
  C:D2A7H         LINE#         100
  C:D2B1H         LINE#         101
  C:D2C3H         LINE#         102
  C:D2EAH         LINE#         103
  C:D2F9H         LINE#         104
  C:D316H         LINE#         105
  C:D376H         LINE#         106
  C:D3C0H         LINE#         109
  C:D3D9H         LINE#         110
  C:D3EDH         LINE#         111
  C:D3FAH         LINE#         112
  C:D407H         LINE#         113
  C:D410H         LINE#         115
  C:D41AH         LINE#         117
  C:D42BH         LINE#         118
  C:D43AH         LINE#         120
  C:D447H         LINE#         121
  C:D454H         LINE#         122
  C:D45DH         LINE#         124
  C:D467H         LINE#         125
  C:D467H         LINE#         127
  C:D467H         LINE#         128
  C:D47AH         LINE#         129
  C:D47AH         LINE#         130
  -------         ENDPROC       SHT30_READ
  -------         ENDMOD        USER_SHT30

  -------         MODULE        USER_UART
  C:0000H         SYMBOL        _ICE_DUMMY_
  D:0080H         PUBLIC        P0
  D:0090H         PUBLIC        P1
  C:EAD3H         PUBLIC        Uart3Isr
  D:00A0H         PUBLIC        P2
  D:00B0H         PUBLIC        P3
BL51 BANKED LINKER/LOCATER V6.22.2.0                                                  02/18/2021  10:10:08  PAGE 29


  D:00C0H         PUBLIC        P4
  D:00C8H         PUBLIC        P5
  B:00A8H.7       PUBLIC        EA
  D:00E8H         PUBLIC        P6
  D:00F8H         PUBLIC        P7
  C:F376H         PUBLIC        uart3_init
  D:00A8H         PUBLIC        IE
  D:00B8H         PUBLIC        IP
  D:00D8H         PUBLIC        CCON
  B:0090H.1       PUBLIC        P11
  B:0090H.2       PUBLIC        P12
  D:0098H         PUBLIC        SCON
  D:0088H         PUBLIC        TCON
  C:0003H         PUBLIC        _Uart_PutChar
  D:00AFH         PUBLIC        IE2
  D:008EH         PUBLIC        AUXR
  B:0020H.2       PUBLIC        busy
  D:00D6H         PUBLIC        TH2
  D:00D7H         PUBLIC        TL2
  D:00ADH         PUBLIC        S3BUF
  B:0098H.4       PUBLIC        REN
  D:00ACH         PUBLIC        S3CON
  D:00D0H         PUBLIC        PSW
  -------         PROC          UART3_INIT
  C:F376H         LINE#         22
  C:F376H         LINE#         23
  C:F376H         LINE#         24
  C:F379H         LINE#         25
  C:F37CH         LINE#         26
  C:F37FH         LINE#         27
  C:F382H         LINE#         28
  C:F384H         LINE#         29
  C:F386H         LINE#         30
  C:F389H         LINE#         31
  C:F38BH         LINE#         33
  -------         ENDPROC       UART3_INIT
  -------         PROC          _UART_PUTCHAR
  D:0007H         SYMBOL        dat
  C:0003H         LINE#         41
  C:0003H         LINE#         42
  C:0003H         LINE#         43
  C:0006H         LINE#         44
  C:0008H         LINE#         45
  C:000AH         LINE#         46
  -------         ENDPROC       _UART_PUTCHAR
  -------         PROC          UART3ISR
  C:EAD3H         LINE#         54
  C:EAF0H         LINE#         56
  C:EAF5H         LINE#         57
  C:EAF5H         LINE#         58
  C:EAF8H         LINE#         59
  C:EAFAH         LINE#         60
  C:EAFCH         LINE#         61
  C:EAFCH         LINE#         62
  C:EB01H         LINE#         63
  C:EB01H         LINE#         64
  C:EB04H         LINE#         65
BL51 BANKED LINKER/LOCATER V6.22.2.0                                                  02/18/2021  10:10:08  PAGE 30


  C:EB06H         LINE#         66
  C:EB0BH         LINE#         67
  C:EB0BH         LINE#         68
  -------         ENDPROC       UART3ISR
  -------         ENDMOD        USER_UART

  -------         MODULE        USER_TIMER
  C:0000H         SYMBOL        _ICE_DUMMY_
  D:0080H         PUBLIC        P0
  D:0090H         PUBLIC        P1
  D:00A0H         PUBLIC        P2
  D:00B0H         PUBLIC        P3
  D:00C0H         PUBLIC        P4
  D:00C8H         PUBLIC        P5
  D:00E8H         PUBLIC        P6
  D:00F8H         PUBLIC        P7
  D:00A8H         PUBLIC        IE
  D:00B8H         PUBLIC        IP
  D:00D8H         PUBLIC        CCON
  D:0098H         PUBLIC        SCON
  D:0089H         PUBLIC        TMOD
  D:0088H         PUBLIC        TCON
  D:008EH         PUBLIC        AUXR
  B:00A8H.1       PUBLIC        ET0
  B:0088H.5       PUBLIC        TF0
  D:008CH         PUBLIC        TH0
  C:F484H         PUBLIC        get_count_value
  D:008AH         PUBLIC        TL0
  C:E147H         PUBLIC        timer0_isr_handle
  B:0088H.4       PUBLIC        TR0
  X:00DDH         SYMBOL        Timer_Sec_Value
  X:00E1H         SYMBOL        Timer_Value
  C:F202H         PUBLIC        timer0_init
  D:00D0H         PUBLIC        PSW
  C:F023H         SYMBOL        Com0007
  C:F023H         SYMBOL        L?0008
  C:F023H         SYMBOL        L?0009
  C:F026H         SYMBOL        L?0010
  C:F031H         SYMBOL        L?0011
  C:F040H         SYMBOL        L?0012
  -------         PROC          COM0007
  -------         ENDPROC       COM0007
  -------         PROC          TIMER0_INIT
  C:F202H         LINE#         22
  C:F202H         LINE#         23
  C:F202H         LINE#         24
  C:F205H         LINE#         25
  C:F208H         LINE#         26
  C:F20BH         LINE#         27
  C:F20EH         LINE#         28
  C:F210H         LINE#         29
  C:F212H         LINE#         30
  C:F214H         LINE#         32
  C:F21EH         LINE#         33
  C:F227H         LINE#         34
  -------         ENDPROC       TIMER0_INIT
  -------         PROC          TIMER0_ISR_HANDLE
BL51 BANKED LINKER/LOCATER V6.22.2.0                                                  02/18/2021  10:10:08  PAGE 31


  C:E147H         LINE#         42
  C:E164H         LINE#         46
  C:E16DH         LINE#         47
  C:E17BH         LINE#         48
  C:E17BH         LINE#         49
  C:E187H         LINE#         50
  C:E19EH         LINE#         51
  C:E19EH         LINE#         53
  C:E1A3H         LINE#         54
  C:E1A3H         LINE#         56
  C:E1BDH         LINE#         57
  C:E1BDH         LINE#         58
  C:E1C7H         LINE#         60
  C:E1DFH         LINE#         61
  C:E1DFH         LINE#         62
  C:E1DFH         LINE#         63
  -------         ENDPROC       TIMER0_ISR_HANDLE
  -------         PROC          GET_COUNT_VALUE
  C:F484H         LINE#         71
  C:F484H         LINE#         72
  C:F484H         LINE#         73
  C:F488H         LINE#         74
  -------         ENDPROC       GET_COUNT_VALUE
  -------         ENDMOD        USER_TIMER

  -------         MODULE        CODETAB
  C:0000H         SYMBOL        _ICE_DUMMY_
  C:0A7EH         PUBLIC        table
  C:00C6H         PUBLIC        F6x8
  C:08DEH         PUBLIC        Hzk
  C:02EEH         PUBLIC        F8X16
  C:0A1EH         PUBLIC        UI1
  C:0A36H         PUBLIC        UI2
  C:0A4EH         PUBLIC        UI3
  C:0A66H         PUBLIC        UI4
  -------         ENDMOD        CODETAB

  -------         MODULE        MCU_API
  C:0000H         SYMBOL        _ICE_DUMMY_
  C:F472H         PUBLIC        mcu_get_reset_wifi_flag
  C:F349H         PUBLIC        _mcu_set_wifi_mode
  C:EE33H         PUBLIC        _mcu_dp_raw_update
  C:E7C1H         PUBLIC        _hex_to_bcd
  C:E5DCH         PUBLIC        _uart_receive_input
  C:F478H         PUBLIC        mcu_get_wifimode_flag
  C:F38CH         PUBLIC        wifi_protocol_init
  C:008EH         PUBLIC        _uart_receive_buff_input
  C:F47EH         PUBLIC        mcu_get_wifi_work_state
  C:D689H         PUBLIC        wifi_uart_service
  C:E556H         PUBLIC        _byte_to_int
  C:EC66H         PUBLIC        _int_to_byte
  C:DBC2H         PUBLIC        _my_memcpy
  C:EEA7H         PUBLIC        _my_memset
  C:F439H         PUBLIC        _mcu_get_dp_download_value
  C:F3E3H         PUBLIC        mcu_reset_wifi
  C:EE6DH         PUBLIC        _mcu_dp_string_update
  C:DAA6H         PUBLIC        _mcu_dp_fault_update
BL51 BANKED LINKER/LOCATER V6.22.2.0                                                  02/18/2021  10:10:08  PAGE 32


  C:EA7EH         PUBLIC        _my_strlen
  C:E65AH         PUBLIC        _mcu_dp_value_update
  C:E9CEH         PUBLIC        _my_strcmp
  C:F458H         PUBLIC        _mcu_get_dp_download_bool
  C:EB78H         PUBLIC        _my_strcpy
  C:EEE0H         PUBLIC        _mcu_dp_bool_update
  C:F45FH         PUBLIC        _mcu_get_dp_download_enum
  C:EFBDH         PUBLIC        _mcu_dp_enum_update
  C:DFA1H         SYMBOL        Com0070
  C:DFA1H         SYMBOL        L?0113
  C:DFA1H         SYMBOL        L?0114
  C:DFAAH         SYMBOL        L?0115
  C:DFB3H         SYMBOL        L?0116
  C:DFBFH         SYMBOL        L?0117
  C:DFBFH         SYMBOL        L?0118
  C:DFC2H         SYMBOL        L?0119
  C:DFC4H         SYMBOL        L?0120
  C:DFCBH         SYMBOL        L?0122
  C:DFCBH         SYMBOL        L?0123
  C:DFCCH         SYMBOL        L?0124
  C:DFD4H         SYMBOL        L?0126
  C:DFD4H         SYMBOL        L?0127
  C:DFE5H         SYMBOL        L?0128
  C:DFEDH         SYMBOL        L?0129
  C:DFEEH         SYMBOL        L?0130
  C:DFF0H         SYMBOL        L?0131
  C:DFFCH         SYMBOL        L?0133
  C:DFFDH         SYMBOL        L?0134
  C:E007H         SYMBOL        L?0135
  C:E007H         SYMBOL        L?0136
  C:E009H         SYMBOL        L?0137
  C:E00CH         SYMBOL        L?0138
  C:E013H         SYMBOL        L?0139
  C:E013H         SYMBOL        L?0140
  C:E01CH         SYMBOL        L?0141
  C:E01FH         SYMBOL        L?0142
  C:E02BH         SYMBOL        L?0143
  C:E041H         SYMBOL        L?0145
  C:E041H         SYMBOL        L?0146
  C:E04AH         SYMBOL        L?0147
  C:E058H         SYMBOL        L?0148
  C:E05BH         SYMBOL        L?0149
  C:E062H         SYMBOL        L?0150
  C:E062H         SYMBOL        L?0151
  C:E06AH         SYMBOL        L?0152
  C:E075H         SYMBOL        L?0153
  C:E075H         SYMBOL        L?0154
  C:E07CH         SYMBOL        L?0155
  -------         PROC          COM0070
  -------         ENDPROC       COM0070
  -------         PROC          _HEX_TO_BCD
  D:0007H         SYMBOL        Value_H
  D:0005H         SYMBOL        Value_L
  -------         DO            
  D:0007H         SYMBOL        bcd_value
  -------         ENDDO         
  C:E7C1H         LINE#         30
BL51 BANKED LINKER/LOCATER V6.22.2.0                                                  02/18/2021  10:10:08  PAGE 33


  C:E7C1H         LINE#         31
  C:E7C1H         LINE#         34
  C:E7CDH         LINE#         35
  C:E7D3H         LINE#         36
  C:E7DFH         LINE#         37
  C:E7E5H         LINE#         38
  C:E7F1H         LINE#         39
  C:E7F5H         LINE#         41
  C:E7F8H         LINE#         43
  C:E7FCH         LINE#         44
  C:E808H         LINE#         45
  C:E80EH         LINE#         46
  C:E81AH         LINE#         47
  C:E81CH         LINE#         48
  C:E828H         LINE#         49
  C:E82CH         LINE#         51
  C:E831H         LINE#         53
  C:E831H         LINE#         54
  -------         ENDPROC       _HEX_TO_BCD
  -------         PROC          _MY_STRLEN
  X:0092H         SYMBOL        str
  -------         DO            
  X:0095H         SYMBOL        len
  -------         ENDDO         
  C:EA7EH         LINE#         61
  C:EA84H         LINE#         62
  C:EA84H         LINE#         63
  C:EA8CH         LINE#         64
  C:EA94H         LINE#         65
  C:EA99H         LINE#         66
  C:EA99H         LINE#         68
  C:EAAEH         LINE#         69
  C:EACAH         LINE#         70
  C:EACCH         LINE#         72
  C:EAD2H         LINE#         73
  -------         ENDPROC       _MY_STRLEN
  -------         PROC          _MY_MEMSET
  X:00CBH         SYMBOL        src
  D:0005H         SYMBOL        ch
  X:00CFH         SYMBOL        count
  -------         DO            
  X:00D1H         SYMBOL        tmp
  -------         ENDDO         
  C:EEA7H         LINE#         82
  C:EEADH         LINE#         83
  C:EEADH         LINE#         84
  C:EEB3H         LINE#         86
  C:EEBBH         LINE#         87
  C:EEBFH         LINE#         88
  C:EEBFH         LINE#         90
  C:EECDH         LINE#         91
  C:EED7H         LINE#         92
  C:EED9H         LINE#         94
  C:EEDFH         LINE#         95
  -------         ENDPROC       _MY_MEMSET
  -------         PROC          _MY_MEMCPY
  X:0099H         SYMBOL        dest
BL51 BANKED LINKER/LOCATER V6.22.2.0                                                  02/18/2021  10:10:08  PAGE 34


  X:009CH         SYMBOL        src
  X:009FH         SYMBOL        count
  -------         DO            
  X:00A1H         SYMBOL        pdest
  X:00A4H         SYMBOL        psrc
  X:00A7H         SYMBOL        i
  -------         ENDDO         
  C:DBC2H         LINE#         104
  C:DBC8H         LINE#         105
  C:DBC8H         LINE#         106
  C:DBCEH         LINE#         107
  C:DBDBH         LINE#         110
  C:DBE8H         LINE#         111
  C:DBEFH         LINE#         112
  C:DBEFH         LINE#         114
  C:DC34H         LINE#         115
  C:DC51H         LINE#         116
  C:DC6AH         LINE#         117
  C:DC7AH         LINE#         118
  C:DC7AH         LINE#         119
  C:DC99H         LINE#         120
  C:DCBAH         LINE#         121
  C:DCCAH         LINE#         122
  C:DCCAH         LINE#         124
  C:DCD0H         LINE#         125
  -------         ENDPROC       _MY_MEMCPY
  -------         PROC          _MY_STRCPY
  X:00D4H         SYMBOL        dest
  X:00D7H         SYMBOL        src
  -------         DO            
  X:00DAH         SYMBOL        p
  -------         ENDDO         
  C:EB78H         LINE#         133
  C:EB7EH         LINE#         134
  C:EB7EH         LINE#         135
  C:EB84H         LINE#         136
  C:EB91H         LINE#         137
  C:EB98H         LINE#         138
  C:EB98H         LINE#         141
  C:EBA3H         LINE#         142
  C:EBB6H         LINE#         143
  C:EBB8H         LINE#         144
  C:EBC2H         LINE#         145
  C:EBC8H         LINE#         146
  -------         ENDPROC       _MY_STRCPY
  -------         PROC          _MY_STRCMP
  X:00ECH         SYMBOL        s1
  X:00EFH         SYMBOL        s2
  C:E9CEH         LINE#         157
  C:E9D4H         LINE#         158
  C:E9D4H         LINE#         159
  C:E9EEH         LINE#         160
  C:E9F8H         LINE#         161
  C:EA02H         LINE#         162
  C:EA04H         LINE#         163
  C:EA27H         LINE#         164
  -------         ENDPROC       _MY_STRCMP
BL51 BANKED LINKER/LOCATER V6.22.2.0                                                  02/18/2021  10:10:08  PAGE 35


  -------         PROC          _INT_TO_BYTE
  X:0103H         SYMBOL        number
  D:0001H         SYMBOL        value
  C:EC66H         LINE#         172
  C:EC6CH         LINE#         173
  C:EC6CH         LINE#         174
  C:EC7BH         LINE#         175
  C:EC8DH         LINE#         176
  C:EC9FH         LINE#         177
  -------         ENDPROC       _INT_TO_BYTE
  -------         PROC          _BYTE_TO_INT
  X:009BH         SYMBOL        value
  -------         DO            
  X:009EH         SYMBOL        nubmer
[...]
  C:EB26H         LINE#         139
  C:EB26H         LINE#         141
  C:EB3CH         LINE#         142
  C:EB4DH         LINE#         143
  C:EB57H         LINE#         144
  C:EB68H         LINE#         145
  C:EB70H         LINE#         146
  -------         ENDPROC       ALL_DATA_UPDATE
  -------         PROC          _DP_DOWNLOAD_TEMP_SAMPLING_HANDLE
  D:0001H         SYMBOL        value
  D:0004H         SYMBOL        length
  -------         DO            
  D:0007H         SYMBOL        ret
  X:0095H         SYMBOL        temp_sampling
  -------         ENDDO         
  C:F18BH         LINE#         173
  C:F18BH         LINE#         174
  C:F18BH         LINE#         179
  C:F194H         LINE#         184
  C:F19AH         LINE#         186
  C:F1A8H         LINE#         187
  C:F1ADH         LINE#         188
  C:F1B0H         LINE#         190
  C:F1B2H         LINE#         191
  -------         ENDPROC       _DP_DOWNLOAD_TEMP_SAMPLING_HANDLE
  -------         PROC          _DP_DOWNLOAD_HUMIDITY_SAMPLING_HANDLE
  D:0001H         SYMBOL        value
  D:0004H         SYMBOL        length
  -------         DO            
  D:0007H         SYMBOL        ret
  X:0095H         SYMBOL        humidity_sampling
  -------         ENDDO         
  C:F1B3H         LINE#         200
  C:F1B3H         LINE#         201
  C:F1B3H         LINE#         206
  C:F1BCH         LINE#         211
  C:F1C2H         LINE#         213
  C:F1D0H         LINE#         214
  C:F1D5H         LINE#         215
  C:F1D8H         LINE#         217
BL51 BANKED LINKER/LOCATER V6.22.2.0                                                  02/18/2021  10:10:08  PAGE 42


  C:F1DAH         LINE#         218
  -------         ENDPROC       _DP_DOWNLOAD_HUMIDITY_SAMPLING_HANDLE
  -------         PROC          _DP_DOWNLOAD_HANDLE
  D:0007H         SYMBOL        dpid
  X:008FH         SYMBOL        value
  X:0092H         SYMBOL        length
  -------         DO            
  X:0094H         SYMBOL        ret
  -------         ENDDO         
  C:F10AH         LINE#         238
  C:F115H         LINE#         239
  C:F115H         LINE#         246
  C:F11DH         LINE#         247
  C:F11DH         LINE#         249
  C:F123H         LINE#         250
  C:F125H         LINE#         251
  C:F125H         LINE#         253
  C:F130H         LINE#         254
  C:F130H         LINE#         257
  C:F130H         LINE#         258
  C:F130H         LINE#         259
  C:F130H         LINE#         260
  C:F135H         LINE#         261
  -------         ENDPROC       _DP_DOWNLOAD_HANDLE
  -------         PROC          GET_DOWNLOAD_CMD_TOTAL
  C:F48CH         LINE#         269
  C:F48CH         LINE#         270
  C:F48CH         LINE#         271
  C:F48EH         LINE#         272
  -------         ENDPROC       GET_DOWNLOAD_CMD_TOTAL
  -------         ENDMOD        PROTOCOL

  -------         MODULE        SYSTEM
  C:0000H         SYMBOL        _ICE_DUMMY_
  C:F055H         SYMBOL        _get_dowmload_dpid_index
  C:F44EH         SYMBOL        get_mcu_wifi_mode
  C:F1DBH         SYMBOL        heat_beat_check
  X:0001H         PUBLIC        set_wifimode_flag
  C:F26BH         PUBLIC        _set_wifi_uart_byte
  C:F0B1H         PUBLIC        with_data_rxbuff
  X:0002H         PUBLIC        stop_update_flag
  C:EC18H         PUBLIC        take_byte_rxbuff
  X:0003H         PUBLIC        wifi_data_process_buf
  X:0022H         PUBLIC        reset_wifi_flag
  X:0023H         PUBLIC        wifi_uart_rx_buf
  X:003AH         PUBLIC        wifi_uart_tx_buf
  X:0071H         PUBLIC        rx_buf_in
  C:EE29H         SYMBOL        _?ix1000
  X:0074H         PUBLIC        rx_buf_out
  C:E89EH         PUBLIC        _wifi_uart_write_frame
  C:EF51H         PUBLIC        _get_check_sum
  C:ED3BH         SYMBOL        _wifi_uart_write_data
  X:0077H         PUBLIC        wifi_work_state
  C:EBC9H         PUBLIC        _set_wifi_uart_buffer
  C:D851H         PUBLIC        _data_handle
  C:000EH         SYMBOL        _data_point_handle
  C:DCD1H         SYMBOL        product_info_update
BL51 BANKED LINKER/LOCATER V6.22.2.0                                                  02/18/2021  10:10:08  PAGE 43


  C:EFF0H         SYMBOL        Com003C
  C:EFF0H         SYMBOL        L?0061
  C:EFF3H         SYMBOL        L?0062
  C:EFFBH         SYMBOL        L?0065
  C:EFFBH         SYMBOL        L?0066
  C:EFFCH         SYMBOL        L?0067
  C:F004H         SYMBOL        L?0068
  C:F014H         SYMBOL        L?0069
  -------         PROC          COM003C
  -------         ENDPROC       COM003C
  -------         PROC          _SET_WIFI_UART_BYTE
  X:009EH         SYMBOL        dest
  D:0005H         SYMBOL        byte
  -------         DO            
  D:0001H         SYMBOL        obj
  -------         ENDDO         
  C:F26BH         LINE#         34
  C:F26EH         LINE#         35
  C:F26EH         LINE#         36
  C:F271H         LINE#         38
  C:F275H         LINE#         39
  C:F283H         LINE#         41
  C:F28BH         LINE#         42
  -------         ENDPROC       _SET_WIFI_UART_BYTE
  -------         PROC          _SET_WIFI_UART_BUFFER
  X:0092H         SYMBOL        dest
  X:0094H         SYMBOL        src
  X:0097H         SYMBOL        len
  -------         DO            
  D:0001H         SYMBOL        obj
  -------         ENDDO         
  C:EBC9H         LINE#         51
  C:EBD2H         LINE#         52
  C:EBD2H         LINE#         53
  C:EBD5H         LINE#         55
  C:EBFEH         LINE#         57
  C:EC12H         LINE#         58
  C:EC17H         LINE#         59
  -------         ENDPROC       _SET_WIFI_UART_BUFFER
  -------         PROC          _GET_CHECK_SUM
  X:00A0H         SYMBOL        pack
  X:00A3H         SYMBOL        pack_len
  -------         DO            
  D:0006H         SYMBOL        i
  X:00A5H         SYMBOL        check_sum
  -------         ENDDO         
  C:EF51H         LINE#         67
  C:EF5DH         LINE#         68
  C:EF5DH         LINE#         70
  C:EF60H         LINE#         72
  C:EF6FH         LINE#         73
  C:EF7CH         LINE#         74
  C:EF83H         LINE#         76
  C:EF88H         LINE#         77
  -------         ENDPROC       _GET_CHECK_SUM
  -------         PROC          _WIFI_UART_WRITE_DATA
  X:00A0H         SYMBOL        in
BL51 BANKED LINKER/LOCATER V6.22.2.0                                                  02/18/2021  10:10:08  PAGE 44


  X:00A3H         SYMBOL        len
  C:ED3BH         LINE#         85
  C:ED47H         LINE#         86
  C:ED47H         LINE#         87
  C:ED56H         LINE#         89
  C:ED56H         LINE#         91
  C:ED64H         LINE#         92
  C:ED6FH         LINE#         93
  C:ED79H         LINE#         94
  C:ED7BH         LINE#         95
  -------         ENDPROC       _WIFI_UART_WRITE_DATA
  -------         PROC          _WIFI_UART_WRITE_FRAME
  D:0007H         SYMBOL        fr_type
  D:0005H         SYMBOL        fr_ver
  X:009EH         SYMBOL        len
  -------         DO            
  D:0006H         SYMBOL        check_sum
  -------         ENDDO         
  C:E89EH         LINE#         104
  C:E8A6H         LINE#         105
  C:E8A6H         LINE#         106
  C:E8A6H         LINE#         108
  C:E8ACH         LINE#         109
  C:E8B0H         LINE#         110
  C:E8B3H         LINE#         111
  C:E8B6H         LINE#         112
  C:E8C3H         LINE#         113
  C:E8C6H         LINE#         115
  C:E8D4H         LINE#         116
  C:E8EBH         LINE#         117
  C:E8FEH         LINE#         119
  -------         ENDPROC       _WIFI_UART_WRITE_FRAME
  -------         PROC          HEAT_BEAT_CHECK
  -------         DO            
  D:0007H         SYMBOL        length
  X:0000H         SYMBOL        mcu_reset_state
  -------         ENDDO         
  C:F1DBH         LINE#         127
  C:F1DBH         LINE#         128
  C:F1DBH         LINE#         129
  C:F1DDH         LINE#         132
  C:F1E3H         LINE#         133
  C:F1E8H         LINE#         134
  C:F1EEH         LINE#         135
  C:F1F0H         LINE#         136
  C:F1F7H         LINE#         137
  C:F1F7H         LINE#         139
  -------         ENDPROC       HEAT_BEAT_CHECK
  C:DD6CH         SYMBOL        L?0057
  C:DD83H         SYMBOL        L?0058
  C:DD9AH         SYMBOL        L?0059
  C:DDACH         SYMBOL        L?0063
  C:DDB5H         SYMBOL        L?0064
  C:DDC3H         SYMBOL        L?0070
  -------         PROC          PRODUCT_INFO_UPDATE
  -------         DO            
  X:0087H         SYMBOL        length
BL51 BANKED LINKER/LOCATER V6.22.2.0                                                  02/18/2021  10:10:08  PAGE 45


  X:0088H         SYMBOL        str
  -------         ENDDO         
  C:DCD1H         LINE#         147
  C:DCD1H         LINE#         148
  C:DCD1H         LINE#         149
  C:DCD6H         LINE#         150
  C:DCE8H         LINE#         152
  C:DCF6H         LINE#         153
  C:DD04H         LINE#         154
  C:DD12H         LINE#         155
  C:DD20H         LINE#         156
  C:DD2EH         LINE#         157
  C:DD3CH         LINE#         175
  C:DD62H         LINE#         177
  C:DD6CH         LINE#         178
  -------         ENDPROC       PRODUCT_INFO_UPDATE
  -------         PROC          GET_MCU_WIFI_MODE
  -------         DO            
  D:0007H         SYMBOL        length
  -------         ENDDO         
  C:F44EH         LINE#         185
  C:F44EH         LINE#         186
  C:F44EH         LINE#         187
  C:F44FH         LINE#         196
  -------         ENDPROC       GET_MCU_WIFI_MODE
  -------         PROC          _GET_DOWMLOAD_DPID_INDEX
  X:008EH         SYMBOL        dpid
  -------         DO            
  D:0006H         SYMBOL        index
  D:0007H         SYMBOL        total
  -------         ENDDO         
  C:F055H         LINE#         204
  C:F05AH         LINE#         205
  C:F05AH         LINE#         207
  C:F05DH         LINE#         209
  C:F064H         LINE#         210
  C:F07EH         LINE#         211
  C:F07EH         LINE#         212
  C:F07EH         LINE#         213
  C:F081H         LINE#         215
  C:F083H         LINE#         216
  -------         ENDPROC       _GET_DOWMLOAD_DPID_INDEX
  -------         PROC          _DATA_POINT_HANDLE
  X:0087H         SYMBOL        value
  -------         DO            
  X:008AH         SYMBOL        dp_id
  D:0007H         SYMBOL        index
  X:008BH         SYMBOL        dp_type
  D:0007H         SYMBOL        ret
  X:008CH         SYMBOL        dp_len
  -------         ENDDO         
  C:000EH         LINE#         223
  C:0014H         LINE#         224
  C:0014H         LINE#         230
  C:001CH         LINE#         231
  C:0026H         LINE#         232
  C:0033H         LINE#         233
BL51 BANKED LINKER/LOCATER V6.22.2.0                                                  02/18/2021  10:10:08  PAGE 46


  C:0047H         LINE#         235
  C:004CH         LINE#         237
  C:0064H         LINE#         239
  C:0067H         LINE#         240
  C:0067H         LINE#         241
  C:008AH         LINE#         242
  C:008AH         LINE#         244
  C:008AH         LINE#         245
  -------         ENDPROC       _DATA_POINT_HANDLE
  -------         PROC          _DATA_HANDLE
  X:007DH         SYMBOL        offset
  -------         DO            
  X:007FH         SYMBOL        dp_len
  X:0081H         SYMBOL        ret
  X:0082H         SYMBOL        i
  X:0084H         SYMBOL        total_len
  D:0007H         SYMBOL        cmd_type
  X:0086H         SYMBOL        result
  -------         ENDDO         
  C:D851H         LINE#         391
  C:D859H         LINE#         392
  C:D859H         LINE#         406
  C:D86BH         LINE#         424
  C:D895H         LINE#         425
  C:D895H         LINE#         426
  C:D895H         LINE#         427
  C:D898H         LINE#         428
  C:D898H         LINE#         430
  C:D898H         LINE#         431
  C:D89BH         LINE#         432
  C:D89BH         LINE#         434
  C:D89BH         LINE#         435
  C:D89EH         LINE#         436
  C:D89EH         LINE#         439
  C:D89EH         LINE#         440
  C:D8B3H         LINE#         441
  C:D8BDH         LINE#         448
  C:D8BDH         LINE#         450
  C:D8BDH         LINE#         451
  C:D8C0H         LINE#         452
  C:D8C2H         LINE#         454
  C:D8C2H         LINE#         455
  C:D8C8H         LINE#         456
  C:D8C9H         LINE#         459
  C:D8C9H         LINE#         460
  C:D8F2H         LINE#         462
  C:D90EH         LINE#         463
  C:D932H         LINE#         464
  C:D94BH         LINE#         466
  C:D969H         LINE#         468
  C:D969H         LINE#         470
  C:D969H         LINE#         472
  C:D969H         LINE#         474
  C:D983H         LINE#         475
  C:D986H         LINE#         476
  C:D986H         LINE#         478
  C:D986H         LINE#         479
BL51 BANKED LINKER/LOCATER V6.22.2.0                                                  02/18/2021  10:10:08  PAGE 47


  C:D989H         LINE#         480
  C:D989H         LINE#         725
  C:D989H         LINE#         726
  C:D989H         LINE#         727
  -------         ENDPROC       _DATA_HANDLE
  -------         PROC          WITH_DATA_RXBUFF
  C:F0B1H         LINE#         734
  C:F0B1H         LINE#         735
  C:F0B1H         LINE#         736
  C:F0D8H         LINE#         737
  C:F0DBH         LINE#         739
  C:F0DDH         LINE#         740
  -------         ENDPROC       WITH_DATA_RXBUFF
  -------         PROC          TAKE_BYTE_RXBUFF
  -------         DO            
  D:0007H         SYMBOL        value
  -------         ENDDO         
  C:EC18H         LINE#         747
  C:EC18H         LINE#         748
  C:EC18H         LINE#         751
  C:EC3DH         LINE#         753
  C:EC50H         LINE#         755
  C:EC5EH         LINE#         756
  C:EC5EH         LINE#         758
  C:EC65H         LINE#         759
  C:EC65H         LINE#         761
  C:EC65H         LINE#         762
  -------         ENDPROC       TAKE_BYTE_RXBUFF
  -------         ENDMOD        SYSTEM

  -------         MODULE        ?C?FPADD
  C:CA85H         PUBLIC        ?C?FPADD
  C:CA81H         PUBLIC        ?C?FPSUB
  -------         ENDMOD        ?C?FPADD

  -------         MODULE        ?C?FPMUL
  C:CB76H         PUBLIC        ?C?FPMUL
  -------         ENDMOD        ?C?FPMUL

  -------         MODULE        ?C?FPDIV
  C:CC7FH         PUBLIC        ?C?FPDIV
  -------         ENDMOD        ?C?FPDIV

  -------         MODULE        ?C?FCAST
  C:CD26H         PUBLIC        ?C?FCASTC
  C:CD21H         PUBLIC        ?C?FCASTI
  C:CD1CH         PUBLIC        ?C?FCASTL
  -------         ENDMOD        ?C?FCAST

  -------         MODULE        ?C?CASTF
  C:CD5AH         PUBLIC        ?C?CASTF
  -------         ENDMOD        ?C?CASTF

  -------         MODULE        EXP
  C:E232H         PUBLIC        _EXP
  -------         ENDMOD        EXP

BL51 BANKED LINKER/LOCATER V6.22.2.0                                                  02/18/2021  10:10:08  PAGE 48


  -------         MODULE        ?C?COPY
  C:CEF8H         PUBLIC        ?C?COPY
  -------         ENDMOD        ?C?COPY

  -------         MODULE        ?C?CLDPTR
  C:CF1EH         PUBLIC        ?C?CLDPTR
  -------         ENDMOD        ?C?CLDPTR

  -------         MODULE        ?C?CLDOPTR
  C:CF37H         PUBLIC        ?C?CLDOPTR
  -------         ENDMOD        ?C?CLDOPTR

  -------         MODULE        ?C?CSTPTR
  C:CF64H         PUBLIC        ?C?CSTPTR
  -------         ENDMOD        ?C?CSTPTR

  -------         MODULE        ?C?CSTOPTR
  C:CF76H         PUBLIC        ?C?CSTOPTR
  -------         ENDMOD        ?C?CSTOPTR

  -------         MODULE        ?C?SIDIV
  C:CF98H         PUBLIC        ?C?SIDIV
  -------         ENDMOD        ?C?SIDIV

  -------         MODULE        ?C?IILDX
  C:CFCEH         PUBLIC        ?C?IILDX
  -------         ENDMOD        ?C?IILDX

  -------         MODULE        ?C?ILDIX
  C:CFE4H         PUBLIC        ?C?ILDIX
  -------         ENDMOD        ?C?ILDIX

  -------         MODULE        ?C?LMUL
  C:CFFAH         PUBLIC        ?C?LMUL
  -------         ENDMOD        ?C?LMUL

  -------         MODULE        ?C?ULDIV
  C:D085H         PUBLIC        ?C?ULDIV
  -------         ENDMOD        ?C?ULDIV

  -------         MODULE        ?C?LNOT
  C:D117H         PUBLIC        ?C?LNOT
  -------         ENDMOD        ?C?LNOT

  -------         MODULE        ?C?LNEG
  C:D124H         PUBLIC        ?C?LNEG
  -------         ENDMOD        ?C?LNEG

  -------         MODULE        ?C?ULCMP
  C:D132H         PUBLIC        ?C?ULCMP
  -------         ENDMOD        ?C?ULCMP

  -------         MODULE        ?C?ULSHR
  C:D143H         PUBLIC        ?C?ULSHR
  -------         ENDMOD        ?C?ULSHR

  -------         MODULE        ?C?SLSHR
BL51 BANKED LINKER/LOCATER V6.22.2.0                                                  02/18/2021  10:10:08  PAGE 49


  C:D156H         PUBLIC        ?C?SLSHR
  -------         ENDMOD        ?C?SLSHR

  -------         MODULE        ?C?LSHL
  C:D16AH         PUBLIC        ?C?LSHL
  -------         ENDMOD        ?C?LSHL

  -------         MODULE        ?C?LLDCODE
  C:D17DH         PUBLIC        ?C?LLDCODE
  -------         ENDMOD        ?C?LLDCODE

  -------         MODULE        ?C?LLDCODE0
  C:D18DH         PUBLIC        ?C?LLDCODE0
  -------         ENDMOD        ?C?LLDCODE0

  -------         MODULE        ?C?LSTXDATA
  C:D19DH         PUBLIC        ?C?LSTXDATA
  -------         ENDMOD        ?C?LSTXDATA

  -------         MODULE        ?C?LSTKXDATA
  C:D1A9H         PUBLIC        ?C?LSTKXDATA
  -------         ENDMOD        ?C?LSTKXDATA

  -------         MODULE        ?C?UIDIV
  C:D1DAH         PUBLIC        ?C?UIDIV
  -------         ENDMOD        ?C?UIDIV

*** WARNING L16: UNCALLED SEGMENT, IGNORED FOR OVERLAY PROCESS
    SEGMENT: ?PR?_HEX_TO_BCD?MCU_API

*** WARNING L16: UNCALLED SEGMENT, IGNORED FOR OVERLAY PROCESS
    SEGMENT: ?PR?_MY_MEMSET?MCU_API

*** WARNING L16: UNCALLED SEGMENT, IGNORED FOR OVERLAY PROCESS
    SEGMENT: ?PR?_MY_STRCPY?MCU_API

*** WARNING L16: UNCALLED SEGMENT, IGNORED FOR OVERLAY PROCESS
    SEGMENT: ?PR?_MY_STRCMP?MCU_API

*** WARNING L16: UNCALLED SEGMENT, IGNORED FOR OVERLAY PROCESS
    SEGMENT: ?PR?_INT_TO_BYTE?MCU_API

*** WARNING L16: UNCALLED SEGMENT, IGNORED FOR OVERLAY PROCESS
    SEGMENT: ?PR?_MCU_DP_RAW_UPDATE?MCU_API

*** WARNING L16: UNCALLED SEGMENT, IGNORED FOR OVERLAY PROCESS
    SEGMENT: ?PR?_MCU_DP_BOOL_UPDATE?MCU_API

*** WARNING L16: UNCALLED SEGMENT, IGNORED FOR OVERLAY PROCESS
    SEGMENT: ?PR?_MCU_DP_STRING_UPDATE?MCU_API

*** WARNING L16: UNCALLED SEGMENT, IGNORED FOR OVERLAY PROCESS
    SEGMENT: ?PR?_MCU_DP_FAULT_UPDATE?MCU_API

*** WARNING L16: UNCALLED SEGMENT, IGNORED FOR OVERLAY PROCESS
    SEGMENT: ?PR?_MCU_GET_DP_DOWNLOAD_BOOL?MCU_API

BL51 BANKED LINKER/LOCATER V6.22.2.0                                                  02/18/2021  10:10:08  PAGE 50


*** WARNING L16: UNCALLED SEGMENT, IGNORED FOR OVERLAY PROCESS
    SEGMENT: ?PR?_MCU_GET_DP_DOWNLOAD_ENUM?MCU_API

*** WARNING L16: UNCALLED SEGMENT, IGNORED FOR OVERLAY PROCESS
    SEGMENT: ?PR?_UART_RECEIVE_BUFF_INPUT?MCU_API

*** WARNING L16: UNCALLED SEGMENT, IGNORED FOR OVERLAY PROCESS
    SEGMENT: ?PR?MCU_GET_RESET_WIFI_FLAG?MCU_API

*** WARNING L16: UNCALLED SEGMENT, IGNORED FOR OVERLAY PROCESS
    SEGMENT: ?PR?MCU_GET_WIFIMODE_FLAG?MCU_API

*** WARNING L16: UNCALLED SEGMENT, IGNORED FOR OVERLAY PROCESS
    SEGMENT: ?PR?_MCU_SET_WIFI_MODE?MCU_API

Program Size: data=9.3 xdata=270 code=62607
LINK/LOCATE RUN COMPLETE.  15 WARNING(S),  0 ERROR(S)
